Archive member included because of file (symbol)

g:/course/ece/ece385/altera/nios2eds/bin/gnu/h-x86_64-mingw32/bin/../lib/gcc/nios2-elf/4.7.3/../../../../../H-x86_64-mingw32/nios2-elf/lib/mno-hw-mul\libc.a(lib_a-printf.o)
                              obj/default/main.o (printf)
g:/course/ece/ece385/altera/nios2eds/bin/gnu/h-x86_64-mingw32/bin/../lib/gcc/nios2-elf/4.7.3/../../../../../H-x86_64-mingw32/nios2-elf/lib/mno-hw-mul\libc.a(lib_a-puts.o)
                              obj/default/main.o (puts)
g:/course/ece/ece385/altera/nios2eds/bin/gnu/h-x86_64-mingw32/bin/../lib/gcc/nios2-elf/4.7.3/../../../../../H-x86_64-mingw32/nios2-elf/lib/mno-hw-mul\libc.a(lib_a-strlen.o)
                              g:/course/ece/ece385/altera/nios2eds/bin/gnu/h-x86_64-mingw32/bin/../lib/gcc/nios2-elf/4.7.3/../../../../../H-x86_64-mingw32/nios2-elf/lib/mno-hw-mul\libc.a(lib_a-puts.o) (strlen)
g:/course/ece/ece385/altera/nios2eds/bin/gnu/h-x86_64-mingw32/bin/../lib/gcc/nios2-elf/4.7.3/../../../../../H-x86_64-mingw32/nios2-elf/lib/mno-hw-mul\libc.a(lib_a-vfprintf.o)
                              g:/course/ece/ece385/altera/nios2eds/bin/gnu/h-x86_64-mingw32/bin/../lib/gcc/nios2-elf/4.7.3/../../../../../H-x86_64-mingw32/nios2-elf/lib/mno-hw-mul\libc.a(lib_a-printf.o) (___vfprintf_internal_r)
g:/course/ece/ece385/altera/nios2eds/bin/gnu/h-x86_64-mingw32/bin/../lib/gcc/nios2-elf/4.7.3/../../../../../H-x86_64-mingw32/nios2-elf/lib/mno-hw-mul\libc.a(lib_a-wsetup.o)
                              g:/course/ece/ece385/altera/nios2eds/bin/gnu/h-x86_64-mingw32/bin/../lib/gcc/nios2-elf/4.7.3/../../../../../H-x86_64-mingw32/nios2-elf/lib/mno-hw-mul\libc.a(lib_a-vfprintf.o) (__swsetup_r)
g:/course/ece/ece385/altera/nios2eds/bin/gnu/h-x86_64-mingw32/bin/../lib/gcc/nios2-elf/4.7.3/../../../../../H-x86_64-mingw32/nios2-elf/lib/mno-hw-mul\libc.a(lib_a-dtoa.o)
                              g:/course/ece/ece385/altera/nios2eds/bin/gnu/h-x86_64-mingw32/bin/../lib/gcc/nios2-elf/4.7.3/../../../../../H-x86_64-mingw32/nios2-elf/lib/mno-hw-mul\libc.a(lib_a-vfprintf.o) (_dtoa_r)
g:/course/ece/ece385/altera/nios2eds/bin/gnu/h-x86_64-mingw32/bin/../lib/gcc/nios2-elf/4.7.3/../../../../../H-x86_64-mingw32/nios2-elf/lib/mno-hw-mul\libc.a(lib_a-fflush.o)
                              g:/course/ece/ece385/altera/nios2eds/bin/gnu/h-x86_64-mingw32/bin/../lib/gcc/nios2-elf/4.7.3/../../../../../H-x86_64-mingw32/nios2-elf/lib/mno-hw-mul\libc.a(lib_a-vfprintf.o) (_fflush_r)
g:/course/ece/ece385/altera/nios2eds/bin/gnu/h-x86_64-mingw32/bin/../lib/gcc/nios2-elf/4.7.3/../../../../../H-x86_64-mingw32/nios2-elf/lib/mno-hw-mul\libc.a(lib_a-findfp.o)
                              g:/course/ece/ece385/altera/nios2eds/bin/gnu/h-x86_64-mingw32/bin/../lib/gcc/nios2-elf/4.7.3/../../../../../H-x86_64-mingw32/nios2-elf/lib/mno-hw-mul\libc.a(lib_a-vfprintf.o) (__sinit)
g:/course/ece/ece385/altera/nios2eds/bin/gnu/h-x86_64-mingw32/bin/../lib/gcc/nios2-elf/4.7.3/../../../../../H-x86_64-mingw32/nios2-elf/lib/mno-hw-mul\libc.a(lib_a-freer.o)
                              g:/course/ece/ece385/altera/nios2eds/bin/gnu/h-x86_64-mingw32/bin/../lib/gcc/nios2-elf/4.7.3/../../../../../H-x86_64-mingw32/nios2-elf/lib/mno-hw-mul\libc.a(lib_a-wsetup.o) (_free_r)
g:/course/ece/ece385/altera/nios2eds/bin/gnu/h-x86_64-mingw32/bin/../lib/gcc/nios2-elf/4.7.3/../../../../../H-x86_64-mingw32/nios2-elf/lib/mno-hw-mul\libc.a(lib_a-fvwrite.o)
                              g:/course/ece/ece385/altera/nios2eds/bin/gnu/h-x86_64-mingw32/bin/../lib/gcc/nios2-elf/4.7.3/../../../../../H-x86_64-mingw32/nios2-elf/lib/mno-hw-mul\libc.a(lib_a-puts.o) (__sfvwrite_r)
g:/course/ece/ece385/altera/nios2eds/bin/gnu/h-x86_64-mingw32/bin/../lib/gcc/nios2-elf/4.7.3/../../../../../H-x86_64-mingw32/nios2-elf/lib/mno-hw-mul\libc.a(lib_a-fwalk.o)
                              g:/course/ece/ece385/altera/nios2eds/bin/gnu/h-x86_64-mingw32/bin/../lib/gcc/nios2-elf/4.7.3/../../../../../H-x86_64-mingw32/nios2-elf/lib/mno-hw-mul\libc.a(lib_a-findfp.o) (_fwalk)
g:/course/ece/ece385/altera/nios2eds/bin/gnu/h-x86_64-mingw32/bin/../lib/gcc/nios2-elf/4.7.3/../../../../../H-x86_64-mingw32/nios2-elf/lib/mno-hw-mul\libc.a(lib_a-impure.o)
                              g:/course/ece/ece385/altera/nios2eds/bin/gnu/h-x86_64-mingw32/bin/../lib/gcc/nios2-elf/4.7.3/../../../../../H-x86_64-mingw32/nios2-elf/lib/mno-hw-mul\libc.a(lib_a-fflush.o) (_global_impure_ptr)
g:/course/ece/ece385/altera/nios2eds/bin/gnu/h-x86_64-mingw32/bin/../lib/gcc/nios2-elf/4.7.3/../../../../../H-x86_64-mingw32/nios2-elf/lib/mno-hw-mul\libc.a(lib_a-locale.o)
                              g:/course/ece/ece385/altera/nios2eds/bin/gnu/h-x86_64-mingw32/bin/../lib/gcc/nios2-elf/4.7.3/../../../../../H-x86_64-mingw32/nios2-elf/lib/mno-hw-mul\libc.a(lib_a-vfprintf.o) (_localeconv_r)
g:/course/ece/ece385/altera/nios2eds/bin/gnu/h-x86_64-mingw32/bin/../lib/gcc/nios2-elf/4.7.3/../../../../../H-x86_64-mingw32/nios2-elf/lib/mno-hw-mul\libc.a(lib_a-makebuf.o)
[...]
Memory Configuration

Name             Origin             Length             Attributes
reset            0x0000000008000000 0x0000000000000020
sdram            0x0000000008000020 0x0000000007ffffe0
*default*        0x0000000000000000 0xffffffffffffffff

Linker script and memory map

LOAD ../usb_kb_bsp//obj/HAL/src/crt0.o
LOAD obj/default/main.o
LOAD obj/default/usb.o
LOAD g:/course/ece/ece385/altera/nios2eds/bin/gnu/h-x86_64-mingw32/bin/../lib/gcc/nios2-elf/4.7.3/../../../../../H-x86_64-mingw32/nios2-elf/lib/mno-hw-mul\libstdc++.a
LOAD g:/course/ece/ece385/altera/nios2eds/bin/gnu/h-x86_64-mingw32/bin/../lib/gcc/nios2-elf/4.7.3/../../../../../H-x86_64-mingw32/nios2-elf/lib/mno-hw-mul\libm.a
LOAD g:/course/ece/ece385/altera/nios2eds/bin/gnu/h-x86_64-mingw32/bin/../lib/gcc/nios2-elf/4.7.3/mno-hw-mul\libgcc.a
START GROUP
LOAD g:/course/ece/ece385/altera/nios2eds/bin/gnu/h-x86_64-mingw32/bin/../lib/gcc/nios2-elf/4.7.3/../../../../../H-x86_64-mingw32/nios2-elf/lib/mno-hw-mul\libc.a
LOAD g:/course/ece/ece385/altera/nios2eds/bin/gnu/h-x86_64-mingw32/bin/../lib/gcc/nios2-elf/4.7.3/mno-hw-mul\libgcc.a
LOAD ../usb_kb_bsp/\libhal_bsp.a
END GROUP
LOAD g:/course/ece/ece385/altera/nios2eds/bin/gnu/h-x86_64-mingw32/bin/../lib/gcc/nios2-elf/4.7.3/mno-hw-mul\libgcc.a
                0x0000000008000000                __alt_mem_sdram = 0x8000000

.entry          0x0000000008000000       0x20
 *(.entry)
 .entry         0x0000000008000000       0x20 ../usb_kb_bsp//obj/HAL/src/crt0.o
                0x0000000008000000                __reset

.exceptions     0x0000000008000020      0x198
                0x0000000008000020                PROVIDE (__ram_exceptions_start, ABSOLUTE (.))
                0x0000000008000020                . = ALIGN (0x20)
 *(.irq)
 *(.exceptions.entry.label)
 .exceptions.entry.label
                0x0000000008000020        0x0 ../usb_kb_bsp/\libhal_bsp.a(alt_irq_entry.o)
                0x0000000008000020                alt_irq_entry
 .exceptions.entry.label
                0x0000000008000020        0x0 ../usb_kb_bsp/\libhal_bsp.a(alt_exception_entry.o)
                0x0000000008000020                alt_exception
 *(.exceptions.entry.user)
 *(.exceptions.entry.ecc_fatal)
 *(.exceptions.entry)
 .exceptions.entry
                0x0000000008000020       0x54 ../usb_kb_bsp/\libhal_bsp.a(alt_exception_entry.o)
 *(.exceptions.irqtest.user)
 *(.exceptions.irqtest)
 .exceptions.irqtest
                0x0000000008000074       0x10 ../usb_kb_bsp/\libhal_bsp.a(alt_irq_entry.o)
 *(.exceptions.irqhandler.user)
 *(.exceptions.irqhandler)
 .exceptions.irqhandler
                0x0000000008000084        0x4 ../usb_kb_bsp/\libhal_bsp.a(alt_irq_entry.o)
 *(.exceptions.irqreturn.user)
 *(.exceptions.irqreturn)
 .exceptions.irqreturn
                0x0000000008000088        0x4 ../usb_kb_bsp/\libhal_bsp.a(alt_irq_entry.o)
 *(.exceptions.notirq.label)
 .exceptions.notirq.label
                0x000000000800008c        0x0 ../usb_kb_bsp/\libhal_bsp.a(alt_irq_entry.o)
 *(.exceptions.notirq.user)
 *(.exceptions.notirq)
 .exceptions.notirq
                0x000000000800008c        0x8 ../usb_kb_bsp/\libhal_bsp.a(alt_exception_entry.o)
 *(.exceptions.soft.user)
 *(.exceptions.soft)
 *(.exceptions.unknown.user)
 *(.exceptions.unknown)
 .exceptions.unknown
                0x0000000008000094        0x4 ../usb_kb_bsp/\libhal_bsp.a(alt_exception_entry.o)
 *(.exceptions.exit.label)
 .exceptions.exit.label
                0x0000000008000098        0x0 ../usb_kb_bsp/\libhal_bsp.a(alt_irq_entry.o)
 .exceptions.exit.label
                0x0000000008000098        0x0 ../usb_kb_bsp/\libhal_bsp.a(alt_exception_entry.o)
 *(.exceptions.exit.user)
 *(.exceptions.exit)
 .exceptions.exit
                0x0000000008000098       0x54 ../usb_kb_bsp/\libhal_bsp.a(alt_exception_entry.o)
 *(.exceptions)
 .exceptions    0x00000000080000ec       0xcc ../usb_kb_bsp/\libhal_bsp.a(alt_irq_handler.o)
                0x00000000080000ec                alt_irq_handler
                0x00000000080001b8                PROVIDE (__ram_exceptions_end, ABSOLUTE (.))
                0x0000000008000020                PROVIDE (__flash_exceptions_start, LOADADDR (.exceptions))

.text           0x00000000080001b8     0xddc4
                0x00000000080001b8                PROVIDE (stext, ABSOLUTE (.))
 *(.interp)
 *(.hash)
 *(.dynsym)
 *(.dynstr)
 *(.gnu.version)
 *(.gnu.version_d)
 *(.gnu.version_r)
 *(.rel.init)
 *(.rela.init)
 *(.rel.text .rel.text.* .rel.gnu.linkonce.t.*)
 *(.rela.text .rela.text.* .rela.gnu.linkonce.t.*)
 *(.rel.fini)
 *(.rela.fini)
 *(.rel.rodata .rel.rodata.* .rel.gnu.linkonce.r.*)
 *(.rela.rodata .rela.rodata.* .rela.gnu.linkonce.r.*)
 *(.rel.data .rel.data.* .rel.gnu.linkonce.d.*)
 *(.rela.data .rela.data.* .rela.gnu.linkonce.d.*)
 *(.rel.tdata .rel.tdata.* .rel.gnu.linkonce.td.*)
 *(.rela.tdata .rela.tdata.* .rela.gnu.linkonce.td.*)
 *(.rel.tbss .rel.tbss.* .rel.gnu.linkonce.tb.*)
 *(.rela.tbss .rela.tbss.* .rela.gnu.linkonce.tb.*)
 *(.rel.ctors)
 *(.rela.ctors)
 *(.rel.dtors)
 *(.rela.dtors)
 *(.rel.got)
 *(.rela.got)
 *(.rel.sdata .rel.sdata.* .rel.gnu.linkonce.s.*)
 *(.rela.sdata .rela.sdata.* .rela.gnu.linkonce.s.*)
 *(.rel.sbss .rel.sbss.* .rel.gnu.linkonce.sb.*)
 *(.rela.sbss .rela.sbss.* .rela.gnu.linkonce.sb.*)
 *(.rel.sdata2 .rel.sdata2.* .rel.gnu.linkonce.s2.*)
 *(.rela.sdata2 .rela.sdata2.* .rela.gnu.linkonce.s2.*)
 *(.rel.sbss2 .rel.sbss2.* .rel.gnu.linkonce.sb2.*)
 *(.rela.sbss2 .rela.sbss2.* .rela.gnu.linkonce.sb2.*)
 *(.rel.bss .rel.bss.* .rel.gnu.linkonce.b.*)
 *(.rela.bss .rela.bss.* .rela.gnu.linkonce.b.*)
 *(.rel.plt)
 *(.rela.plt)
 *(.rel.dyn)
 *(.init)
 *(.plt)
 *(.text .stub .text.* .gnu.linkonce.t.*)
 .text          0x00000000080001b8       0x3c ../usb_kb_bsp//obj/HAL/src/crt0.o
                0x00000000080001b8                _start
 .text          0x00000000080001f4      0xd08 obj/default/main.o
                0x00000000080001f4                main
 .text          0x0000000008000efc     0x1168 obj/default/usb.o
                0x0000000008000efc                UsbWrite
                0x0000000008000f44                UsbRead
                0x0000000008000f80                UsbSoftReset
                0x000000000800103c                UsbSetAddress
                0x000000000800113c                UsbGetDeviceDesc1
                0x0000000008001284                UsbGetDeviceDesc2
                0x000000000800145c                UsbGetConfigDesc1
                0x00000000080015ec                UsbGetConfigDesc2
                0x0000000008001854                UsbSetConfig
                0x0000000008001954                UsbClassRequest
                0x0000000008001a54                UsbGetHidDesc
                0x0000000008001b9c                UsbGetReportDesc
                0x0000000008001edc                UsbWaitTDListDone
                0x0000000008001f60                UsbGetRetryCnt
                0x0000000008001fe8                UsbPrintMem
 .text          0x0000000008002064       0x68 g:/course/ece/ece385/altera/nios2eds/bin/gnu/h-x86_64-mingw32/bin/../lib/gcc/nios2-elf/4.7.3/../../../../../H-x86_64-mingw32/nios2-elf/lib/mno-hw-mul\libc.a(lib_a-printf.o)
                0x0000000008002064                _printf_r
                0x0000000008002090                printf
 .text          0x00000000080020cc       0x98 g:/course/ece/ece385/altera/nios2eds/bin/gnu/h-x86_64-mingw32/bin/../lib/gcc/nios2-elf/4.7.3/../../../../../H-x86_64-mingw32/nios2-elf/lib/mno-hw-mul\libc.a(lib_a-puts.o)
                0x00000000080020cc                _puts_r
                0x0000000008002150                puts
 .text          0x0000000008002164       0x8c g:/course/ece/ece385/altera/nios2eds/bin/gnu/h-x86_64-mingw32/bin/../lib/gcc/nios2-elf/4.7.3/../../../../../H-x86_64-mingw32/nios2-elf/lib/mno-hw-mul\libc.a(lib_a-strlen.o)
                0x0000000008002164                strlen
 .text          0x00000000080021f0     0x1ed4 g:/course/ece/ece385/altera/nios2eds/bin/gnu/h-x86_64-mingw32/bin/../lib/gcc/nios2-elf/4.7.3/../../../../../H-x86_64-mingw32/nios2-elf/lib/mno-hw-mul\libc.a(lib_a-vfprintf.o)
                0x0000000008002224                ___vfprintf_internal_r
                0x00000000080040a0                __vfprintf_internal
 .text          0x00000000080040c4      0x174 g:/course/ece/ece385/altera/nios2eds/bin/gnu/h-x86_64-mingw32/bin/../lib/gcc/nios2-elf/4.7.3/../../../../../H-x86_64-mingw32/nios2-elf/lib/mno-hw-mul\libc.a(lib_a-wsetup.o)
                0x00000000080040c4                __swsetup_r
 .text          0x0000000008004238     0x1858 g:/course/ece/ece385/altera/nios2eds/bin/gnu/h-x86_64-mingw32/bin/../lib/gcc/nios2-elf/4.7.3/../../../../../H-x86_64-mingw32/nios2-elf/lib/mno-hw-mul\libc.a(lib_a-dtoa.o)
                0x0000000008004474                _dtoa_r
 .text          0x0000000008005a90      0x218 g:/course/ece/ece385/altera/nios2eds/bin/gnu/h-x86_64-mingw32/bin/../lib/gcc/nios2-elf/4.7.3/../../../../../H-x86_64-mingw32/nios2-elf/lib/mno-hw-mul\libc.a(lib_a-fflush.o)
                0x0000000008005a90                _fflush_r
                0x0000000008005c78                fflush
 .text          0x0000000008005ca8      0x2ec g:/course/ece/ece385/altera/nios2eds/bin/gnu/h-x86_64-mingw32/bin/../lib/gcc/nios2-elf/4.7.3/../../../../../H-x86_64-mingw32/nios2-elf/lib/mno-hw-mul\libc.a(lib_a-findfp.o)
                0x0000000008005cb8                _cleanup_r
                0x0000000008005cc4                __sfmoreglue
                0x0000000008005d3c                _cleanup
                0x0000000008005d4c                __sinit
                0x0000000008005e58                __sfp
                0x0000000008005f54                __sfp_lock_acquire
                0x0000000008005f58                __sfp_lock_release
                0x0000000008005f5c                __sinit_lock_acquire
                0x0000000008005f60                __sinit_lock_release
                0x0000000008005f64                __fp_lock_all
                0x0000000008005f7c                __fp_unlock_all
 .text          0x0000000008005f94      0x40c g:/course/ece/ece385/altera/nios2eds/bin/gnu/h-x86_64-mingw32/bin/../lib/gcc/nios2-elf/4.7.3/../../../../../H-x86_64-mingw32/nios2-elf/lib/mno-hw-mul\libc.a(lib_a-freer.o)
                0x0000000008005f94                _malloc_trim_r
                0x00000000080060d0                _free_r
 .text          0x00000000080063a0      0x4e4 g:/course/ece/ece385/altera/nios2eds/bin/gnu/h-x86_64-mingw32/bin/../lib/gcc/nios2-elf/4.7.3/../../../../../H-x86_64-mingw32/nios2-elf/lib/mno-hw-mul\libc.a(lib_a-fvwrite.o)
                0x00000000080063a0                __sfvwrite_r
 .text          0x0000000008006884      0x160 g:/course/ece/ece385/altera/nios2eds/bin/gnu/h-x86_64-mingw32/bin/../lib/gcc/nios2-elf/4.7.3/../../../../../H-x86_64-mingw32/nios2-elf/lib/mno-hw-mul\libc.a(lib_a-fwalk.o)
                0x0000000008006884                _fwalk
                0x000000000800692c                _fwalk_reent
 .text          0x00000000080069e4        0x0 g:/course/ece/ece385/altera/nios2eds/bin/gnu/h-x86_64-mingw32/bin/../lib/gcc/nios2-elf/4.7.3/../../../../../H-x86_64-mingw32/nios2-elf/lib/mno-hw-mul\libc.a(lib_a-impure.o)
 .text          0x00000000080069e4       0xdc g:/course/ece/ece385/altera/nios2eds/bin/gnu/h-x86_64-mingw32/bin/../lib/gcc/nios2-elf/4.7.3/../../../../../H-x86_64-mingw32/nios2-elf/lib/mno-hw-mul\libc.a(lib_a-locale.o)
                0x00000000080069e4                _setlocale_r
                0x0000000008006a80                __locale_charset
                0x0000000008006a8c                _localeconv_r
                0x0000000008006a98                setlocale
                0x0000000008006ab4                localeconv
 .text          0x0000000008006ac0      0x1a8 g:/course/ece/ece385/altera/nios2eds/bin/gnu/h-x86_64-mingw32/bin/../lib/gcc/nios2-elf/4.7.3/../../../../../H-x86_64-mingw32/nios2-elf/lib/mno-hw-mul\libc.a(lib_a-makebuf.o)
                0x0000000008006ac0                __smakebuf_r
 .text          0x0000000008006c68      0x784 g:/course/ece/ece385/altera/nios2eds/bin/gnu/h-x86_64-mingw32/bin/../lib/gcc/nios2-elf/4.7.3/../../../../../H-x86_64-mingw32/nios2-elf/lib/mno-hw-mul\libc.a(lib_a-mallocr.o)
                0x0000000008006c68                _malloc_r
 .text          0x00000000080073ec       0xf8 g:/course/ece/ece385/altera/nios2eds/bin/gnu/h-x86_64-mingw32/bin/../lib/gcc/nios2-elf/4.7.3/../../../../../H-x86_64-mingw32/nios2-elf/lib/mno-hw-mul\libc.a(lib_a-memchr.o)
                0x00000000080073ec                memchr
 .text          0x00000000080074e4      0x140 g:/course/ece/ece385/altera/nios2eds/bin/gnu/h-x86_64-mingw32/bin/../lib/gcc/nios2-elf/4.7.3/../../../../../H-x86_64-mingw32/nios2-elf/lib/mno-hw-mul\libc.a(lib_a-memcpy.o)
                0x00000000080074e4                memcpy
 .text          0x0000000008007624      0x18c g:/course/ece/ece385/altera/nios2eds/bin/gnu/h-x86_64-mingw32/bin/../lib/gcc/nios2-elf/4.7.3/../../../../../H-x86_64-mingw32/nios2-elf/lib/mno-hw-mul\libc.a(lib_a-memmove.o)
                0x0000000008007624                memmove
 .text          0x00000000080077b0       0xdc g:/course/ece/ece385/altera/nios2eds/bin/gnu/h-x86_64-mingw32/bin/../lib/gcc/nios2-elf/4.7.3/../../../../../H-x86_64-mingw32/nios2-elf/lib/mno-hw-mul\libc.a(lib_a-memset.o)
                0x00000000080077b0                memset
 .text          0x000000000800788c     0x1050 g:/course/ece/ece385/altera/nios2eds/bin/gnu/h-x86_64-mingw32/bin/../lib/gcc/nios2-elf/4.7.3/../../../../../H-x86_64-mingw32/nios2-elf/lib/mno-hw-mul\libc.a(lib_a-mprec.o)
                0x000000000800788c                _Balloc
                0x0000000008007934                _Bfree
                0x000000000800795c                __multadd
                0x0000000008007aa0                __s2b
                0x0000000008007ba4                __hi0bits
                0x0000000008007c0c                __lo0bits
                0x0000000008007cbc                __i2b
                0x0000000008007cf8                __multiply
                0x0000000008007f50                __pow5mult
                0x000000000800807c                __lshift
                0x00000000080081d8                __mcmp
                0x0000000008008230                __mdiff
                0x00000000080083d8                __ulp
                0x0000000008008438                __b2d
                0x0000000008008580                __d2b
                0x00000000080086c4                __ratio
                0x0000000008008768                _mprec_log10
                0x00000000080087dc                __copybits
                0x0000000008008858                __any_on
 .text          0x00000000080088dc      0x5fc g:/course/ece/ece385/altera/nios2eds/bin/gnu/h-x86_64-mingw32/bin/../lib/gcc/nios2-elf/4.7.3/../../../../../H-x86_64-mingw32/nios2-elf/lib/mno-hw-mul\libc.a(lib_a-reallocr.o)
                0x00000000080088dc                _realloc_r
 .text          0x0000000008008ed8       0x38 g:/course/ece/ece385/altera/nios2eds/bin/gnu/h-x86_64-mingw32/bin/../lib/gcc/nios2-elf/4.7.3/../../../../../H-x86_64-mingw32/nios2-elf/lib/mno-hw-mul\libc.a(lib_a-s_isinfd.o)
                0x0000000008008ed8                __isinfd
 .text          0x0000000008008f10       0x2c g:/course/ece/ece385/altera/nios2eds/bin/gnu/h-x86_64-mingw32/bin/../lib/gcc/nios2-elf/4.7.3/../../../../../H-x86_64-mingw32/nios2-elf/lib/mno-hw-mul\libc.a(lib_a-s_isnand.o)
                0x0000000008008f10                __isnand
 .text          0x0000000008008f3c       0x64 g:/course/ece/ece385/altera/nios2eds/bin/gnu/h-x86_64-mingw32/bin/../lib/gcc/nios2-elf/4.7.3/../../../../../H-x86_64-mingw32/nios2-elf/lib/mno-hw-mul\libc.a(lib_a-sbrkr.o)
                0x0000000008008f3c                _sbrk_r
 .text          0x0000000008008fa0      0x140 g:/course/ece/ece385/altera/nios2eds/bin/gnu/h-x86_64-mingw32/bin/../lib/gcc/nios2-elf/4.7.3/../../../../../H-x86_64-mingw32/nios2-elf/lib/mno-hw-mul\libc.a(lib_a-stdio.o)
                0x0000000008008fa0                __sread
                0x0000000008008ff4                __swrite
                0x000000000800907c                __sseek
                0x00000000080090d8                __sclose
 .text          0x00000000080090e0       0xa4 g:/course/ece/ece385/altera/nios2eds/bin/gnu/h-x86_64-mingw32/bin/../lib/gcc/nios2-elf/4.7.3/../../../../../H-x86_64-mingw32/nios2-elf/lib/mno-hw-mul\libc.a(lib_a-strcmp.o)
                0x00000000080090e0                strcmp
 .text          0x0000000008009184       0x6c g:/course/ece/ece385/altera/nios2eds/bin/gnu/h-x86_64-mingw32/bin/../lib/gcc/nios2-elf/4.7.3/../../../../../H-x86_64-mingw32/nios2-elf/lib/mno-hw-mul\libc.a(lib_a-writer.o)
                0x0000000008009184                _write_r
 .text          0x00000000080091f0       0xcc g:/course/ece/ece385/altera/nios2eds/bin/gnu/h-x86_64-mingw32/bin/../lib/gcc/nios2-elf/4.7.3/../../../../../H-x86_64-mingw32/nios2-elf/lib/mno-hw-mul\libc.a(lib_a-callocr.o)
                0x00000000080091f0                _calloc_r
 .text          0x00000000080092bc       0x64 g:/course/ece/ece385/altera/nios2eds/bin/gnu/h-x86_64-mingw32/bin/../lib/gcc/nios2-elf/4.7.3/../../../../../H-x86_64-mingw32/nios2-elf/lib/mno-hw-mul\libc.a(lib_a-closer.o)
                0x00000000080092bc                _close_r
 .text          0x0000000008009320      0x150 g:/course/ece/ece385/altera/nios2eds/bin/gnu/h-x86_64-mingw32/bin/../lib/gcc/nios2-elf/4.7.3/../../../../../H-x86_64-mingw32/nios2-elf/lib/mno-hw-mul\libc.a(lib_a-fclose.o)
                0x0000000008009320                _fclose_r
                0x000000000800945c                fclose
 .text          0x0000000008009470       0x68 g:/course/ece/ece385/altera/nios2eds/bin/gnu/h-x86_64-mingw32/bin/../lib/gcc/nios2-elf/4.7.3/../../../../../H-x86_64-mingw32/nios2-elf/lib/mno-hw-mul\libc.a(lib_a-fstatr.o)
                0x0000000008009470                _fstat_r
 .text          0x00000000080094d8        0x0 g:/course/ece/ece385/altera/nios2eds/bin/gnu/h-x86_64-mingw32/bin/../lib/gcc/nios2-elf/4.7.3/../../../../../H-x86_64-mingw32/nios2-elf/lib/mno-hw-mul\libc.a(lib_a-int_errno.o)
 .text          0x00000000080094d8       0x64 g:/course/ece/ece385/altera/nios2eds/bin/gnu/h-x86_64-mingw32/bin/../lib/gcc/nios2-elf/4.7.3/../../../../../H-x86_64-mingw32/nios2-elf/lib/mno-hw-mul\libc.a(lib_a-isattyr.o)
                0x00000000080094d8                _isatty_r
 .text          0x000000000800953c       0x6c g:/course/ece/ece385/altera/nios2eds/bin/gnu/h-x86_64-mingw32/bin/../lib/gcc/nios2-elf/4.7.3/../../../../../H-x86_64-mingw32/nios2-elf/lib/mno-hw-mul\libc.a(lib_a-lseekr.o)
                0x000000000800953c                _lseek_r
 .text          0x00000000080095a8       0x6c g:/course/ece/ece385/altera/nios2eds/bin/gnu/h-x86_64-mingw32/bin/../lib/gcc/nios2-elf/4.7.3/../../../../../H-x86_64-mingw32/nios2-elf/lib/mno-hw-mul\libc.a(lib_a-readr.o)
                0x00000000080095a8                _read_r
 .text          0x0000000008009614      0x650 g:/course/ece/ece385/altera/nios2eds/bin/gnu/h-x86_64-mingw32/bin/../lib/gcc/nios2-elf/4.7.3/mno-hw-mul\libgcc.a(_udivdi3.o)
                0x0000000008009614                __udivdi3
 .text          0x0000000008009c64      0x628 g:/course/ece/ece385/altera/nios2eds/bin/gnu/h-x86_64-mingw32/bin/../lib/gcc/nios2-elf/4.7.3/mno-hw-mul\libgcc.a(_umoddi3.o)
                0x0000000008009c64                __umoddi3
 .text          0x000000000800a28c      0x408 g:/course/ece/ece385/altera/nios2eds/bin/gnu/h-x86_64-mingw32/bin/../lib/gcc/nios2-elf/4.7.3/mno-hw-mul\libgcc.a(_addsub_df.o)
                0x000000000800a5e0                __adddf3
                0x000000000800a634                __subdf3
 .text          0x000000000800a694      0x2e4 g:/course/ece/ece385/altera/nios2eds/bin/gnu/h-x86_64-mingw32/bin/../lib/gcc/nios2-elf/4.7.3/mno-hw-mul\libgcc.a(_mul_df.o)
                0x000000000800a694                __muldf3
 .text          0x000000000800a978      0x1b4 g:/course/ece/ece385/altera/nios2eds/bin/gnu/h-x86_64-mingw32/bin/../lib/gcc/nios2-elf/4.7.3/mno-hw-mul\libgcc.a(_div_df.o)
                0x000000000800a978                __divdf3
 .text          0x000000000800ab2c       0x5c g:/course/ece/ece385/altera/nios2eds/bin/gnu/h-x86_64-mingw32/bin/../lib/gcc/nios2-elf/4.7.3/mno-hw-mul\libgcc.a(_eq_df.o)
                0x000000000800ab2c                __eqdf2
 .text          0x000000000800ab88       0x5c g:/course/ece/ece385/altera/nios2eds/bin/gnu/h-x86_64-mingw32/bin/../lib/gcc/nios2-elf/4.7.3/mno-hw-mul\libgcc.a(_ne_df.o)
                0x000000000800ab88                __nedf2
 .text          0x000000000800abe4       0x64 g:/course/ece/ece385/altera/nios2eds/bin/gnu/h-x86_64-mingw32/bin/../lib/gcc/nios2-elf/4.7.3/mno-hw-mul\libgcc.a(_gt_df.o)
                0x000000000800abe4                __gtdf2
 .text          0x000000000800ac48       0x64 g:/course/ece/ece385/altera/nios2eds/bin/gnu/h-x86_64-mingw32/bin/../lib/gcc/nios2-elf/4.7.3/mno-hw-mul\libgcc.a(_ge_df.o)
                0x000000000800ac48                __gedf2
 .text          0x000000000800acac       0x5c g:/course/ece/ece385/altera/nios2eds/bin/gnu/h-x86_64-mingw32/bin/../lib/gcc/nios2-elf/4.7.3/mno-hw-mul\libgcc.a(_lt_df.o)
                0x000000000800acac                __ltdf2
 .text          0x000000000800ad08       0xd4 g:/course/ece/ece385/altera/nios2eds/bin/gnu/h-x86_64-mingw32/bin/../lib/gcc/nios2-elf/4.7.3/mno-hw-mul\libgcc.a(_si_to_df.o)
                0x000000000800ad08                __floatsidf
 .text          0x000000000800addc       0xc4 g:/course/ece/ece385/altera/nios2eds/bin/gnu/h-x86_64-mingw32/bin/../lib/gcc/nios2-elf/4.7.3/mno-hw-mul\libgcc.a(_df_to_si.o)
                0x000000000800addc                __fixdfsi
 .text          0x000000000800aea0        0x0 g:/course/ece/ece385/altera/nios2eds/bin/gnu/h-x86_64-mingw32/bin/../lib/gcc/nios2-elf/4.7.3/mno-hw-mul\libgcc.a(_thenan_df.o)
 .text          0x000000000800aea0      0x11c g:/course/ece/ece385/altera/nios2eds/bin/gnu/h-x86_64-mingw32/bin/../lib/gcc/nios2-elf/4.7.3/mno-hw-mul\libgcc.a(_usi_to_df.o)
                0x000000000800aea0                __floatunsidf
 .text          0x000000000800afbc      0x130 g:/course/ece/ece385/altera/nios2eds/bin/gnu/h-x86_64-mingw32/bin/../lib/gcc/nios2-elf/4.7.3/mno-hw-mul\libgcc.a(lib2-divmod.o)
                0x000000000800b030                __divsi3
                0x000000000800b080                __modsi3
                0x000000000800b0dc                __udivsi3
                0x000000000800b0e4                __umodsi3
 .text          0x000000000800b0ec       0x28 g:/course/ece/ece385/altera/nios2eds/bin/gnu/h-x86_64-mingw32/bin/../lib/gcc/nios2-elf/4.7.3/mno-hw-mul\libgcc.a(lib2-mul.o)
                0x000000000800b0ec                __mulsi3
 .text          0x000000000800b114      0x110 g:/course/ece/ece385/altera/nios2eds/bin/gnu/h-x86_64-mingw32/bin/../lib/gcc/nios2-elf/4.7.3/mno-hw-mul\libgcc.a(_muldi3.o)
                0x000000000800b114                __muldi3
 .text          0x000000000800b224        0x0 g:/course/ece/ece385/altera/nios2eds/bin/gnu/h-x86_64-mingw32/bin/../lib/gcc/nios2-elf/4.7.3/mno-hw-mul\libgcc.a(_clz.o)
 .text          0x000000000800b224       0xac g:/course/ece/ece385/altera/nios2eds/bin/gnu/h-x86_64-mingw32/bin/../lib/gcc/nios2-elf/4.7.3/mno-hw-mul\libgcc.a(_clzsi2.o)
                0x000000000800b224                __clzsi2
 .text          0x000000000800b2d0      0x224 g:/course/ece/ece385/altera/nios2eds/bin/gnu/h-x86_64-mingw32/bin/../lib/gcc/nios2-elf/4.7.3/mno-hw-mul\libgcc.a(_pack_df.o)
                0x000000000800b2d0                __pack_d
 .text          0x000000000800b4f4      0x104 g:/course/ece/ece385/altera/nios2eds/bin/gnu/h-x86_64-mingw32/bin/../lib/gcc/nios2-elf/4.7.3/mno-hw-mul\libgcc.a(_unpack_df.o)
                0x000000000800b4f4                __unpack_d
 .text          0x000000000800b5f8       0xd0 g:/course/ece/ece385/altera/nios2eds/bin/gnu/h-x86_64-mingw32/bin/../lib/gcc/nios2-elf/4.7.3/mno-hw-mul\libgcc.a(_fpcmp_parts_df.o)
                0x000000000800b5f8                __fpcmp_parts_d
 .text          0x000000000800b6c8       0x44 g:/course/ece/ece385/altera/nios2eds/bin/gnu/h-x86_64-mingw32/bin/../lib/gcc/nios2-elf/4.7.3/mno-hw-mul\libgcc.a(_lshrdi3.o)
                0x000000000800b6c8                __lshrdi3
 .text          0x000000000800b70c       0x44 g:/course/ece/ece385/altera/nios2eds/bin/gnu/h-x86_64-mingw32/bin/../lib/gcc/nios2-elf/4.7.3/mno-hw-mul\libgcc.a(_ashldi3.o)
                0x000000000800b70c                __ashldi3
 .text          0x000000000800b750      0x11c ../usb_kb_bsp/\libhal_bsp.a(alt_close.o)
                0x000000000800b7a0                close
 .text          0x000000000800b86c       0x2c ../usb_kb_bsp/\libhal_bsp.a(alt_dev.o)
 .text          0x000000000800b898        0x0 ../usb_kb_bsp/\libhal_bsp.a(alt_errno.o)
 .text          0x000000000800b898      0x100 ../usb_kb_bsp/\libhal_bsp.a(alt_fstat.o)
                0x000000000800b8e8                fstat
 .text          0x000000000800b998       0xf4 ../usb_kb_bsp/\libhal_bsp.a(alt_isatty.o)
                0x000000000800b9e8                isatty
 .text          0x000000000800ba8c       0xec ../usb_kb_bsp/\libhal_bsp.a(alt_load.o)
                0x000000000800baf8                alt_load
 .text          0x000000000800bb78      0x124 ../usb_kb_bsp/\libhal_bsp.a(alt_lseek.o)
                0x000000000800bbc8                lseek
 .text          0x000000000800bc9c       0x78 ../usb_kb_bsp/\libhal_bsp.a(alt_main.o)
                0x000000000800bc9c                alt_main
 .text          0x000000000800bd14       0x40 ../usb_kb_bsp/\libhal_bsp.a(alt_malloc_lock.o)
                0x000000000800bd14                __malloc_lock
                0x000000000800bd34                __malloc_unlock
 .text          0x000000000800bd54      0x144 ../usb_kb_bsp/\libhal_bsp.a(alt_read.o)
                0x000000000800bda4                read
 .text          0x000000000800be98       0x80 ../usb_kb_bsp/\libhal_bsp.a(alt_release_fd.o)
                0x000000000800be98                alt_release_fd
 .text          0x000000000800bf18       0xb0 ../usb_kb_bsp/\libhal_bsp.a(alt_sbrk.o)
                0x000000000800bf18                sbrk
 .text          0x000000000800bfc8       0x30 ../usb_kb_bsp/\libhal_bsp.a(alt_usleep.o)
                0x000000000800bfc8                usleep
 .text          0x000000000800bff8      0x140 ../usb_kb_bsp/\libhal_bsp.a(alt_write.o)
                0x000000000800c048                write
 .text          0x000000000800c138       0xb0 ../usb_kb_bsp/\libhal_bsp.a(alt_sys_init.o)
                0x000000000800c170                alt_irq_init
                0x000000000800c1a4                alt_sys_init
 .text          0x000000000800c1e8      0x164 ../usb_kb_bsp/\libhal_bsp.a(altera_avalon_jtag_uart_fd.o)
                0x000000000800c1e8                altera_avalon_jtag_uart_read_fd
                0x000000000800c248                altera_avalon_jtag_uart_write_fd
                0x000000000800c2a8                altera_avalon_jtag_uart_close_fd
                0x000000000800c2f8                altera_avalon_jtag_uart_ioctl_fd
 .text          0x000000000800c34c      0x3d0 ../usb_kb_bsp/\libhal_bsp.a(altera_avalon_jtag_uart_init.o)
                0x000000000800c34c                altera_avalon_jtag_uart_init
                0x000000000800c6b4                altera_avalon_jtag_uart_close
 .text          0x000000000800c71c       0xf4 ../usb_kb_bsp/\libhal_bsp.a(altera_avalon_jtag_uart_ioctl.o)
                0x000000000800c71c                altera_avalon_jtag_uart_ioctl
 .text          0x000000000800c810      0x218 ../usb_kb_bsp/\libhal_bsp.a(altera_avalon_jtag_uart_read.o)
                0x000000000800c810                altera_avalon_jtag_uart_read
 .text          0x000000000800ca28      0x220 ../usb_kb_bsp/\libhal_bsp.a(altera_avalon_jtag_uart_write.o)
                0x000000000800ca28                altera_avalon_jtag_uart_write
 .text          0x000000000800cc48      0x140 ../usb_kb_bsp/\libhal_bsp.a(alt_alarm_start.o)
                0x000000000800cc48                alt_alarm_start
 .text          0x000000000800cd88      0x154 ../usb_kb_bsp/\libhal_bsp.a(alt_busy_sleep.o)
                0x000000000800cd88                alt_busy_sleep
 .text          0x000000000800cedc       0x1c ../usb_kb_bsp/\libhal_bsp.a(alt_dcache_flush_all.o)
                0x000000000800cedc                alt_dcache_flush_all
 .text          0x000000000800cef8       0xf0 ../usb_kb_bsp/\libhal_bsp.a(alt_dev_llist_insert.o)
                0x000000000800cf48                alt_dev_llist_insert
 .text          0x000000000800cfe8       0x5c ../usb_kb_bsp/\libhal_bsp.a(alt_do_ctors.o)
                0x000000000800cfe8                _do_ctors
 .text          0x000000000800d044       0x5c ../usb_kb_bsp/\libhal_bsp.a(alt_do_dtors.o)
                0x000000000800d044                _do_dtors
 .text          0x000000000800d0a0       0x1c ../usb_kb_bsp/\libhal_bsp.a(alt_icache_flush_all.o)
                0x000000000800d0a0                alt_icache_flush_all
 .text          0x000000000800d0bc      0x1d8 ../usb_kb_bsp/\libhal_bsp.a(alt_iic.o)
                0x000000000800d0bc                alt_ic_isr_register
                0x000000000800d10c                alt_ic_irq_enable
                0x000000000800d1a8                alt_ic_irq_disable
                0x000000000800d248                alt_ic_irq_enabled
 .text          0x000000000800d294       0xf0 ../usb_kb_bsp/\libhal_bsp.a(alt_iic_isr_register.o)
                0x000000000800d294                alt_iic_isr_register
 .text          0x000000000800d384      0x158 ../usb_kb_bsp/\libhal_bsp.a(alt_io_redirect.o)
                0x000000000800d464                alt_io_redirect
 .text          0x000000000800d4dc        0x0 ../usb_kb_bsp/\libhal_bsp.a(alt_irq_entry.o)
 .text          0x000000000800d4dc        0x0 ../usb_kb_bsp/\libhal_bsp.a(alt_irq_handler.o)
 .text          0x000000000800d4dc        0x0 ../usb_kb_bsp/\libhal_bsp.a(alt_irq_vars.o)
 .text          0x000000000800d4dc      0x298 ../usb_kb_bsp/\libhal_bsp.a(alt_open.o)
                0x000000000800d61c                open
 .text          0x000000000800d774      0x19c ../usb_kb_bsp/\libhal_bsp.a(alt_tick.o)
                0x000000000800d774                alt_alarm_stop
                0x000000000800d80c                alt_tick
 .text          0x000000000800d910       0x20 ../usb_kb_bsp/\libhal_bsp.a(altera_nios2_qsys_irq.o)
                0x000000000800d910                altera_nios2_qsys_irq_init
 .text          0x000000000800d930        0x0 ../usb_kb_bsp/\libhal_bsp.a(alt_exception_entry.o)
 .text          0x000000000800d930       0x90 ../usb_kb_bsp/\libhal_bsp.a(alt_find_dev.o)
                0x000000000800d930                alt_find_dev
 .text          0x000000000800d9c0      0x114 ../usb_kb_bsp/\libhal_bsp.a(alt_find_file.o)
                0x000000000800d9c0                alt_find_file
 .text          0x000000000800dad4       0xd4 ../usb_kb_bsp/\libhal_bsp.a(alt_get_fd.o)
                0x000000000800dad4                alt_get_fd
 .text          0x000000000800dba8       0x14 g:/course/ece/ece385/altera/nios2eds/bin/gnu/h-x86_64-mingw32/bin/../lib/gcc/nios2-elf/4.7.3/../../../../../H-x86_64-mingw32/nios2-elf/lib/mno-hw-mul\libc.a(lib_a-atexit.o)
                0x000000000800dba8                atexit
 .text          0x000000000800dbbc       0x38 g:/course/ece/ece385/altera/nios2eds/bin/gnu/h-x86_64-mingw32/bin/../lib/gcc/nios2-elf/4.7.3/../../../../../H-x86_64-mingw32/nios2-elf/lib/mno-hw-mul\libc.a(lib_a-exit.o)
                0x000000000800dbbc                exit
 .text          0x000000000800dbf4       0x7c g:/course/ece/ece385/altera/nios2eds/bin/gnu/h-x86_64-mingw32/bin/../lib/gcc/nios2-elf/4.7.3/../../../../../H-x86_64-mingw32/nios2-elf/lib/mno-hw-mul\libc.a(lib_a-memcmp.o)
                0x000000000800dbf4                memcmp
 .text          0x000000000800dc70      0x130 g:/course/ece/ece385/altera/nios2eds/bin/gnu/h-x86_64-mingw32/bin/../lib/gcc/nios2-elf/4.7.3/../../../../../H-x86_64-mingw32/nios2-elf/lib/mno-hw-mul\libc.a(lib_a-__atexit.o)
                0x000000000800dc70                __register_exitproc
 .text          0x000000000800dda0      0x1a0 g:/course/ece/ece385/altera/nios2eds/bin/gnu/h-x86_64-mingw32/bin/../lib/gcc/nios2-elf/4.7.3/../../../../../H-x86_64-mingw32/nios2-elf/lib/mno-hw-mul\libc.a(lib_a-__call_atexit.o)
                0x000000000800dda0                __call_exitprocs
 .text          0x000000000800df40       0x3c ../usb_kb_bsp/\libhal_bsp.a(alt_exit.o)
                0x000000000800df40                _exit
 *(.gnu.warning.*)
 *(.fini)
                0x000000000800df7c                PROVIDE (__etext, ABSOLUTE (.))
                0x000000000800df7c                PROVIDE (_etext, ABSOLUTE (.))
                0x000000000800df7c                PROVIDE (etext, ABSOLUTE (.))
 *(.eh_frame_hdr)
                0x000000000800df7c                . = ALIGN (0x4)
                0x000000000800df7c                PROVIDE (__preinit_array_start, ABSOLUTE (.))
 *(.preinit_array)
                0x000000000800df7c                PROVIDE (__preinit_array_end, ABSOLUTE (.))
                0x000000000800df7c                PROVIDE (__init_array_start, ABSOLUTE (.))
 *(.init_array)
                0x000000000800df7c                PROVIDE (__init_array_end, ABSOLUTE (.))
                0x000000000800df7c                PROVIDE (__fini_array_start, ABSOLUTE (.))
 *(.fini_array)
                0x000000000800df7c                PROVIDE (__fini_array_end, ABSOLUTE (.))
 *(.eh_frame)
 *(.gcc_except_table .gcc_except_table.*)
 *(.dynamic)
                0x000000000800df7c                PROVIDE (__CTOR_LIST__, ABSOLUTE (.))
 *(.ctors)
 *(SORT(.ctors.*))
                0x000000000800df7c                PROVIDE (__CTOR_END__, ABSOLUTE (.))
                0x000000000800df7c                PROVIDE (__DTOR_LIST__, ABSOLUTE (.))
 *(.dtors)
 *(SORT(.dtors.*))
                0x000000000800df7c                PROVIDE (__DTOR_END__, ABSOLUTE (.))
 *(.jcr)
                0x000000000800df7c                . = ALIGN (0x4)

.rodata         0x000000000800df7c      0xa88
                0x000000000800df7c                PROVIDE (__ram_rodata_start, ABSOLUTE (.))
                0x000000000800df7c                . = ALIGN (0x4)
 *(.rodata .rodata.* .gnu.linkonce.r.*)
 .rodata        0x000000000800df7c      0x6f4 obj/default/main.o
 .rodata        0x000000000800e670       0x74 obj/default/usb.o
 .rodata.str1.4
                0x000000000800e6e4        0x2 g:/course/ece/ece385/altera/nios2eds/bin/gnu/h-x86_64-mingw32/bin/../lib/gcc/nios2-elf/4.7.3/../../../../../H-x86_64-mingw32/nios2-elf/lib/mno-hw-mul\libc.a(lib_a-puts.o)
                                          0x4 (size before relaxing)
 *fill*         0x000000000800e6e6        0x2 
 .rodata.str1.4
                0x000000000800e6e8       0x42 g:/course/ece/ece385/altera/nios2eds/bin/gnu/h-x86_64-mingw32/bin/../lib/gcc/nios2-elf/4.7.3/../../../../../H-x86_64-mingw32/nios2-elf/lib/mno-hw-mul\libc.a(lib_a-vfprintf.o)
                                         0x44 (size before relaxing)
 .rodata        0x000000000800e72a       0x20 g:/course/ece/ece385/altera/nios2eds/bin/gnu/h-x86_64-mingw32/bin/../lib/gcc/nios2-elf/4.7.3/../../../../../H-x86_64-mingw32/nios2-elf/lib/mno-hw-mul\libc.a(lib_a-vfprintf.o)
 *fill*         0x000000000800e74a        0x2 
 .rodata.str1.4
                0x000000000800e74c       0x10 g:/course/ece/ece385/altera/nios2eds/bin/gnu/h-x86_64-mingw32/bin/../lib/gcc/nios2-elf/4.7.3/../../../../../H-x86_64-mingw32/nios2-elf/lib/mno-hw-mul\libc.a(lib_a-dtoa.o)
                                         0x14 (size before relaxing)
 .rodata.str1.4
                0x000000000800e75c        0x2 g:/course/ece/ece385/altera/nios2eds/bin/gnu/h-x86_64-mingw32/bin/../lib/gcc/nios2-elf/4.7.3/../../../../../H-x86_64-mingw32/nios2-elf/lib/mno-hw-mul\libc.a(lib_a-impure.o)
                                          0x4 (size before relaxing)
 *fill*         0x000000000800e75e        0x2 
 .rodata.str1.4
                0x000000000800e760       0x10 g:/course/ece/ece385/altera/nios2eds/bin/gnu/h-x86_64-mingw32/bin/../lib/gcc/nios2-elf/4.7.3/../../../../../H-x86_64-mingw32/nios2-elf/lib/mno-hw-mul\libc.a(lib_a-locale.o)
                                         0x18 (size before relaxing)
 .rodata        0x000000000800e770       0x30 g:/course/ece/ece385/altera/nios2eds/bin/gnu/h-x86_64-mingw32/bin/../lib/gcc/nios2-elf/4.7.3/../../../../../H-x86_64-mingw32/nios2-elf/lib/mno-hw-mul\libc.a(lib_a-locale.o)
 .rodata        0x000000000800e7a0      0x124 g:/course/ece/ece385/altera/nios2eds/bin/gnu/h-x86_64-mingw32/bin/../lib/gcc/nios2-elf/4.7.3/../../../../../H-x86_64-mingw32/nios2-elf/lib/mno-hw-mul\libc.a(lib_a-mprec.o)
                0x000000000800e7a0                __mprec_tinytens
                0x000000000800e7c8                __mprec_bigtens
                0x000000000800e7f0                __mprec_tens
 .rodata        0x000000000800e8c4       0x14 g:/course/ece/ece385/altera/nios2eds/bin/gnu/h-x86_64-mingw32/bin/../lib/gcc/nios2-elf/4.7.3/mno-hw-mul\libgcc.a(_thenan_df.o)
                0x000000000800e8c4                __thenan_df
 .rodata        0x000000000800e8d8      0x100 g:/course/ece/ece385/altera/nios2eds/bin/gnu/h-x86_64-mingw32/bin/../lib/gcc/nios2-elf/4.7.3/mno-hw-mul\libgcc.a(_clz.o)
                0x000000000800e8d8                __clz_tab
 .rodata        0x000000000800e9d8        0xc ../usb_kb_bsp/\libhal_bsp.a(alt_dev.o)
 .rodata        0x000000000800e9e4       0x10 ../usb_kb_bsp/\libhal_bsp.a(alt_main.o)
 .rodata        0x000000000800e9f4       0x10 ../usb_kb_bsp/\libhal_bsp.a(alt_sys_init.o)
 *(.rodata1)
                0x000000000800ea04                . = ALIGN (0x4)
                0x000000000800ea04                PROVIDE (__ram_rodata_end, ABSOLUTE (.))
                0x000000000800df7c                PROVIDE (__flash_rodata_start, LOADADDR (.rodata))

.rwdata         0x000000000800ea04     0x1a58 load address 0x000000000801045c
                0x000000000800ea04                PROVIDE (__ram_rwdata_start, ABSOLUTE (.))
                0x000000000800ea04                . = ALIGN (0x4)
 *(.got.plt)
 *(.got)
 *(.data1)
 *(.data .data.* .gnu.linkonce.d.*)
 .data          0x000000000800ea04        0x0 ../usb_kb_bsp//obj/HAL/src/crt0.o
 .data          0x000000000800ea04        0x0 obj/default/main.o
 .data          0x000000000800ea04        0x0 obj/default/usb.o
 .data          0x000000000800ea04        0x0 g:/course/ece/ece385/altera/nios2eds/bin/gnu/h-x86_64-mingw32/bin/../lib/gcc/nios2-elf/4.7.3/../../../../../H-x86_64-mingw32/nios2-elf/lib/mno-hw-mul\libc.a(lib_a-printf.o)
 .data          0x000000000800ea04        0x0 g:/course/ece/ece385/altera/nios2eds/bin/gnu/h-x86_64-mingw32/bin/../lib/gcc/nios2-elf/4.7.3/../../../../../H-x86_64-mingw32/nios2-elf/lib/mno-hw-mul\libc.a(lib_a-puts.o)
 .data          0x000000000800ea04        0x0 g:/course/ece/ece385/altera/nios2eds/bin/gnu/h-x86_64-mingw32/bin/../lib/gcc/nios2-elf/4.7.3/../../../../../H-x86_64-mingw32/nios2-elf/lib/mno-hw-mul\libc.a(lib_a-strlen.o)
 .data          0x000000000800ea04        0x0 g:/course/ece/ece385/altera/nios2eds/bin/gnu/h-x86_64-mingw32/bin/../lib/gcc/nios2-elf/4.7.3/../../../../../H-x86_64-mingw32/nios2-elf/lib/mno-hw-mul\libc.a(lib_a-vfprintf.o)
 .data          0x000000000800ea04        0x0 g:/course/ece/ece385/altera/nios2eds/bin/gnu/h-x86_64-mingw32/bin/../lib/gcc/nios2-elf/4.7.3/../../../../../H-x86_64-mingw32/nios2-elf/lib/mno-hw-mul\libc.a(lib_a-wsetup.o)
 .data          0x000000000800ea04        0x0 g:/course/ece/ece385/altera/nios2eds/bin/gnu/h-x86_64-mingw32/bin/../lib/gcc/nios2-elf/4.7.3/../../../../../H-x86_64-mingw32/nios2-elf/lib/mno-hw-mul\libc.a(lib_a-dtoa.o)
 .data          0x000000000800ea04        0x0 g:/course/ece/ece385/altera/nios2eds/bin/gnu/h-x86_64-mingw32/bin/../lib/gcc/nios2-elf/4.7.3/../../../../../H-x86_64-mingw32/nios2-elf/lib/mno-hw-mul\libc.a(lib_a-fflush.o)
 .data          0x000000000800ea04        0x0 g:/course/ece/ece385/altera/nios2eds/bin/gnu/h-x86_64-mingw32/bin/../lib/gcc/nios2-elf/4.7.3/../../../../../H-x86_64-mingw32/nios2-elf/lib/mno-hw-mul\libc.a(lib_a-findfp.o)
 .data          0x000000000800ea04        0x0 g:/course/ece/ece385/altera/nios2eds/bin/gnu/h-x86_64-mingw32/bin/../lib/gcc/nios2-elf/4.7.3/../../../../../H-x86_64-mingw32/nios2-elf/lib/mno-hw-mul\libc.a(lib_a-freer.o)
 .data          0x000000000800ea04        0x0 g:/course/ece/ece385/altera/nios2eds/bin/gnu/h-x86_64-mingw32/bin/../lib/gcc/nios2-elf/4.7.3/../../../../../H-x86_64-mingw32/nios2-elf/lib/mno-hw-mul\libc.a(lib_a-fvwrite.o)
 .data          0x000000000800ea04        0x0 g:/course/ece/ece385/altera/nios2eds/bin/gnu/h-x86_64-mingw32/bin/../lib/gcc/nios2-elf/4.7.3/../../../../../H-x86_64-mingw32/nios2-elf/lib/mno-hw-mul\libc.a(lib_a-fwalk.o)
 .data          0x000000000800ea04      0x400 g:/course/ece/ece385/altera/nios2eds/bin/gnu/h-x86_64-mingw32/bin/../lib/gcc/nios2-elf/4.7.3/../../../../../H-x86_64-mingw32/nios2-elf/lib/mno-hw-mul\libc.a(lib_a-impure.o)
 .data          0x000000000800ee04        0xc g:/course/ece/ece385/altera/nios2eds/bin/gnu/h-x86_64-mingw32/bin/../lib/gcc/nios2-elf/4.7.3/../../../../../H-x86_64-mingw32/nios2-elf/lib/mno-hw-mul\libc.a(lib_a-locale.o)
                0x000000000800ee04                __lc_ctype
 .data          0x000000000800ee10        0x0 g:/course/ece/ece385/altera/nios2eds/bin/gnu/h-x86_64-mingw32/bin/../lib/gcc/nios2-elf/4.7.3/../../../../../H-x86_64-mingw32/nios2-elf/lib/mno-hw-mul\libc.a(lib_a-makebuf.o)
 .data          0x000000000800ee10      0x408 g:/course/ece/ece385/altera/nios2eds/bin/gnu/h-x86_64-mingw32/bin/../lib/gcc/nios2-elf/4.7.3/../../../../../H-x86_64-mingw32/nios2-elf/lib/mno-hw-mul\libc.a(lib_a-mallocr.o)
                0x000000000800ee10                __malloc_av_
 .data          0x000000000800f218        0x0 g:/course/ece/ece385/altera/nios2eds/bin/gnu/h-x86_64-mingw32/bin/../lib/gcc/nios2-elf/4.7.3/../../../../../H-x86_64-mingw32/nios2-elf/lib/mno-hw-mul\libc.a(lib_a-memchr.o)
 .data          0x000000000800f218        0x0 g:/course/ece/ece385/altera/nios2eds/bin/gnu/h-x86_64-mingw32/bin/../lib/gcc/nios2-elf/4.7.3/../../../../../H-x86_64-mingw32/nios2-elf/lib/mno-hw-mul\libc.a(lib_a-memcpy.o)
 .data          0x000000000800f218        0x0 g:/course/ece/ece385/altera/nios2eds/bin/gnu/h-x86_64-mingw32/bin/../lib/gcc/nios2-elf/4.7.3/../../../../../H-x86_64-mingw32/nios2-elf/lib/mno-hw-mul\libc.a(lib_a-memmove.o)
 .data          0x000000000800f218        0x0 g:/course/ece/ece385/altera/nios2eds/bin/gnu/h-x86_64-mingw32/bin/../lib/gcc/nios2-elf/4.7.3/../../../../../H-x86_64-mingw32/nios2-elf/lib/mno-hw-mul\libc.a(lib_a-memset.o)
 .data          0x000000000800f218        0x0 g:/course/ece/ece385/altera/nios2eds/bin/gnu/h-x86_64-mingw32/bin/../lib/gcc/nios2-elf/4.7.3/../../../../../H-x86_64-mingw32/nios2-elf/lib/mno-hw-mul\libc.a(lib_a-mprec.o)
 .data          0x000000000800f218        0x0 g:/course/ece/ece385/altera/nios2eds/bin/gnu/h-x86_64-mingw32/bin/../lib/gcc/nios2-elf/4.7.3/../../../../../H-x86_64-mingw32/nios2-elf/lib/mno-hw-mul\libc.a(lib_a-reallocr.o)
 .data          0x000000000800f218        0x0 g:/course/ece/ece385/altera/nios2eds/bin/gnu/h-x86_64-mingw32/bin/../lib/gcc/nios2-elf/4.7.3/../../../../../H-x86_64-mingw32/nios2-elf/lib/mno-hw-mul\libc.a(lib_a-s_isinfd.o)
 .data          0x000000000800f218        0x0 g:/course/ece/ece385/altera/nios2eds/bin/gnu/h-x86_64-mingw32/bin/../lib/gcc/nios2-elf/4.7.3/../../../../../H-x86_64-mingw32/nios2-elf/lib/mno-hw-mul\libc.a(lib_a-s_isnand.o)
 .data          0x000000000800f218        0x0 g:/course/ece/ece385/altera/nios2eds/bin/gnu/h-x86_64-mingw32/bin/../lib/gcc/nios2-elf/4.7.3/../../../../../H-x86_64-mingw32/nios2-elf/lib/mno-hw-mul\libc.a(lib_a-sbrkr.o)
 .data          0x000000000800f218        0x0 g:/course/ece/ece385/altera/nios2eds/bin/gnu/h-x86_64-mingw32/bin/../lib/gcc/nios2-elf/4.7.3/../../../../../H-x86_64-mingw32/nios2-elf/lib/mno-hw-mul\libc.a(lib_a-stdio.o)
 .data          0x000000000800f218        0x0 g:/course/ece/ece385/altera/nios2eds/bin/gnu/h-x86_64-mingw32/bin/../lib/gcc/nios2-elf/4.7.3/../../../../../H-x86_64-mingw32/nios2-elf/lib/mno-hw-mul\libc.a(lib_a-strcmp.o)
 .data          0x000000000800f218        0x0 g:/course/ece/ece385/altera/nios2eds/bin/gnu/h-x86_64-mingw32/bin/../lib/gcc/nios2-elf/4.7.3/../../../../../H-x86_64-mingw32/nios2-elf/lib/mno-hw-mul\libc.a(lib_a-writer.o)
 .data          0x000000000800f218        0x0 g:/course/ece/ece385/altera/nios2eds/bin/gnu/h-x86_64-mingw32/bin/../lib/gcc/nios2-elf/4.7.3/../../../../../H-x86_64-mingw32/nios2-elf/lib/mno-hw-mul\libc.a(lib_a-callocr.o)
 .data          0x000000000800f218        0x0 g:/course/ece/ece385/altera/nios2eds/bin/gnu/h-x86_64-mingw32/bin/../lib/gcc/nios2-elf/4.7.3/../../../../../H-x86_64-mingw32/nios2-elf/lib/mno-hw-mul\libc.a(lib_a-closer.o)
 .data          0x000000000800f218        0x0 g:/course/ece/ece385/altera/nios2eds/bin/gnu/h-x86_64-mingw32/bin/../lib/gcc/nios2-elf/4.7.3/../../../../../H-x86_64-mingw32/nios2-elf/lib/mno-hw-mul\libc.a(lib_a-fclose.o)
 .data          0x000000000800f218        0x0 g:/course/ece/ece385/altera/nios2eds/bin/gnu/h-x86_64-mingw32/bin/../lib/gcc/nios2-elf/4.7.3/../../../../../H-x86_64-mingw32/nios2-elf/lib/mno-hw-mul\libc.a(lib_a-fstatr.o)
 .data          0x000000000800f218        0x0 g:/course/ece/ece385/altera/nios2eds/bin/gnu/h-x86_64-mingw32/bin/../lib/gcc/nios2-elf/4.7.3/../../../../../H-x86_64-mingw32/nios2-elf/lib/mno-hw-mul\libc.a(lib_a-int_errno.o)
 .data          0x000000000800f218        0x0 g:/course/ece/ece385/altera/nios2eds/bin/gnu/h-x86_64-mingw32/bin/../lib/gcc/nios2-elf/4.7.3/../../../../../H-x86_64-mingw32/nios2-elf/lib/mno-hw-mul\libc.a(lib_a-isattyr.o)
 .data          0x000000000800f218        0x0 g:/course/ece/ece385/altera/nios2eds/bin/gnu/h-x86_64-mingw32/bin/../lib/gcc/nios2-elf/4.7.3/../../../../../H-x86_64-mingw32/nios2-elf/lib/mno-hw-mul\libc.a(lib_a-lseekr.o)
 .data          0x000000000800f218        0x0 g:/course/ece/ece385/altera/nios2eds/bin/gnu/h-x86_64-mingw32/bin/../lib/gcc/nios2-elf/4.7.3/../../../../../H-x86_64-mingw32/nios2-elf/lib/mno-hw-mul\libc.a(lib_a-readr.o)
 .data          0x000000000800f218        0x0 g:/course/ece/ece385/altera/nios2eds/bin/gnu/h-x86_64-mingw32/bin/../lib/gcc/nios2-elf/4.7.3/mno-hw-mul\libgcc.a(_udivdi3.o)
 .data          0x000000000800f218        0x0 g:/course/ece/ece385/altera/nios2eds/bin/gnu/h-x86_64-mingw32/bin/../lib/gcc/nios2-elf/4.7.3/mno-hw-mul\libgcc.a(_umoddi3.o)
 .data          0x000000000800f218        0x0 g:/course/ece/ece385/altera/nios2eds/bin/gnu/h-x86_64-mingw32/bin/../lib/gcc/nios2-elf/4.7.3/mno-hw-mul\libgcc.a(_addsub_df.o)
 .data          0x000000000800f218        0x0 g:/course/ece/ece385/altera/nios2eds/bin/gnu/h-x86_64-mingw32/bin/../lib/gcc/nios2-elf/4.7.3/mno-hw-mul\libgcc.a(_mul_df.o)
 .data          0x000000000800f218        0x0 g:/course/ece/ece385/altera/nios2eds/bin/gnu/h-x86_64-mingw32/bin/../lib/gcc/nios2-elf/4.7.3/mno-hw-mul\libgcc.a(_div_df.o)
 .data          0x000000000800f218        0x0 g:/course/ece/ece385/altera/nios2eds/bin/gnu/h-x86_64-mingw32/bin/../lib/gcc/nios2-elf/4.7.3/mno-hw-mul\libgcc.a(_eq_df.o)
 .data          0x000000000800f218        0x0 g:/course/ece/ece385/altera/nios2eds/bin/gnu/h-x86_64-mingw32/bin/../lib/gcc/nios2-elf/4.7.3/mno-hw-mul\libgcc.a(_ne_df.o)
 .data          0x000000000800f218        0x0 g:/course/ece/ece385/altera/nios2eds/bin/gnu/h-x86_64-mingw32/bin/../lib/gcc/nios2-elf/4.7.3/mno-hw-mul\libgcc.a(_gt_df.o)
 .data          0x000000000800f218        0x0 g:/course/ece/ece385/altera/nios2eds/bin/gnu/h-x86_64-mingw32/bin/../lib/gcc/nios2-elf/4.7.3/mno-hw-mul\libgcc.a(_ge_df.o)
 .data          0x000000000800f218        0x0 g:/course/ece/ece385/altera/nios2eds/bin/gnu/h-x86_64-mingw32/bin/../lib/gcc/nios2-elf/4.7.3/mno-hw-mul\libgcc.a(_lt_df.o)
 .data          0x000000000800f218        0x0 g:/course/ece/ece385/altera/nios2eds/bin/gnu/h-x86_64-mingw32/bin/../lib/gcc/nios2-elf/4.7.3/mno-hw-mul\libgcc.a(_si_to_df.o)
 .data          0x000000000800f218        0x0 g:/course/ece/ece385/altera/nios2eds/bin/gnu/h-x86_64-mingw32/bin/../lib/gcc/nios2-elf/4.7.3/mno-hw-mul\libgcc.a(_df_to_si.o)
 .data          0x000000000800f218        0x0 g:/course/ece/ece385/altera/nios2eds/bin/gnu/h-x86_64-mingw32/bin/../lib/gcc/nios2-elf/4.7.3/mno-hw-mul\libgcc.a(_thenan_df.o)
 .data          0x000000000800f218        0x0 g:/course/ece/ece385/altera/nios2eds/bin/gnu/h-x86_64-mingw32/bin/../lib/gcc/nios2-elf/4.7.3/mno-hw-mul\libgcc.a(_usi_to_df.o)
 .data          0x000000000800f218        0x0 g:/course/ece/ece385/altera/nios2eds/bin/gnu/h-x86_64-mingw32/bin/../lib/gcc/nios2-elf/4.7.3/mno-hw-mul\libgcc.a(lib2-divmod.o)
 .data          0x000000000800f218        0x0 g:/course/ece/ece385/altera/nios2eds/bin/gnu/h-x86_64-mingw32/bin/../lib/gcc/nios2-elf/4.7.3/mno-hw-mul\libgcc.a(lib2-mul.o)
 .data          0x000000000800f218        0x0 g:/course/ece/ece385/altera/nios2eds/bin/gnu/h-x86_64-mingw32/bin/../lib/gcc/nios2-elf/4.7.3/mno-hw-mul\libgcc.a(_muldi3.o)
 .data          0x000000000800f218        0x0 g:/course/ece/ece385/altera/nios2eds/bin/gnu/h-x86_64-mingw32/bin/../lib/gcc/nios2-elf/4.7.3/mno-hw-mul\libgcc.a(_clz.o)
 .data          0x000000000800f218        0x0 g:/course/ece/ece385/altera/nios2eds/bin/gnu/h-x86_64-mingw32/bin/../lib/gcc/nios2-elf/4.7.3/mno-hw-mul\libgcc.a(_clzsi2.o)
 .data          0x000000000800f218        0x0 g:/course/ece/ece385/altera/nios2eds/bin/gnu/h-x86_64-mingw32/bin/../lib/gcc/nios2-elf/4.7.3/mno-hw-mul\libgcc.a(_pack_df.o)
 .data          0x000000000800f218        0x0 g:/course/ece/ece385/altera/nios2eds/bin/gnu/h-x86_64-mingw32/bin/../lib/gcc/nios2-elf/4.7.3/mno-hw-mul\libgcc.a(_unpack_df.o)
 .data          0x000000000800f218        0x0 g:/course/ece/ece385/altera/nios2eds/bin/gnu/h-x86_64-mingw32/bin/../lib/gcc/nios2-elf/4.7.3/mno-hw-mul\libgcc.a(_fpcmp_parts_df.o)
 .data          0x000000000800f218        0x0 g:/course/ece/ece385/altera/nios2eds/bin/gnu/h-x86_64-mingw32/bin/../lib/gcc/nios2-elf/4.7.3/mno-hw-mul\libgcc.a(_lshrdi3.o)
 .data          0x000000000800f218        0x0 g:/course/ece/ece385/altera/nios2eds/bin/gnu/h-x86_64-mingw32/bin/../lib/gcc/nios2-elf/4.7.3/mno-hw-mul\libgcc.a(_ashldi3.o)
 .data          0x000000000800f218        0x0 ../usb_kb_bsp/\libhal_bsp.a(alt_close.o)
 .data          0x000000000800f218      0x1a8 ../usb_kb_bsp/\libhal_bsp.a(alt_dev.o)
                0x000000000800f218                alt_dev_null
                0x000000000800f240                alt_fd_list
 .data          0x000000000800f3c0        0x0 ../usb_kb_bsp/\libhal_bsp.a(alt_errno.o)
 .data          0x000000000800f3c0        0x0 ../usb_kb_bsp/\libhal_bsp.a(alt_fstat.o)
 .data          0x000000000800f3c0        0x0 ../usb_kb_bsp/\libhal_bsp.a(alt_isatty.o)
 .data          0x000000000800f3c0        0x0 ../usb_kb_bsp/\libhal_bsp.a(alt_load.o)
 .data          0x000000000800f3c0        0x0 ../usb_kb_bsp/\libhal_bsp.a(alt_lseek.o)
 .data          0x000000000800f3c0        0x0 ../usb_kb_bsp/\libhal_bsp.a(alt_main.o)
 .data          0x000000000800f3c0        0x0 ../usb_kb_bsp/\libhal_bsp.a(alt_malloc_lock.o)
 .data          0x000000000800f3c0        0x0 ../usb_kb_bsp/\libhal_bsp.a(alt_read.o)
 .data          0x000000000800f3c0        0x0 ../usb_kb_bsp/\libhal_bsp.a(alt_release_fd.o)
 .data          0x000000000800f3c0        0x0 ../usb_kb_bsp/\libhal_bsp.a(alt_sbrk.o)
 .data          0x000000000800f3c0        0x0 ../usb_kb_bsp/\libhal_bsp.a(alt_usleep.o)
 .data          0x000000000800f3c0        0x0 ../usb_kb_bsp/\libhal_bsp.a(alt_write.o)
 .data          0x000000000800f3c0     0x1060 ../usb_kb_bsp/\libhal_bsp.a(alt_sys_init.o)
 .data          0x0000000008010420        0x0 ../usb_kb_bsp/\libhal_bsp.a(altera_avalon_jtag_uart_fd.o)
 .data          0x0000000008010420        0x0 ../usb_kb_bsp/\libhal_bsp.a(altera_avalon_jtag_uart_init.o)
 .data          0x0000000008010420        0x0 ../usb_kb_bsp/\libhal_bsp.a(altera_avalon_jtag_uart_ioctl.o)
 .data          0x0000000008010420        0x0 ../usb_kb_bsp/\libhal_bsp.a(altera_avalon_jtag_uart_read.o)
 .data          0x0000000008010420        0x0 ../usb_kb_bsp/\libhal_bsp.a(altera_avalon_jtag_uart_write.o)
 .data          0x0000000008010420        0x0 ../usb_kb_bsp/\libhal_bsp.a(alt_alarm_start.o)
 .data          0x0000000008010420        0x0 ../usb_kb_bsp/\libhal_bsp.a(alt_busy_sleep.o)
 .data          0x0000000008010420        0x0 ../usb_kb_bsp/\libhal_bsp.a(alt_dcache_flush_all.o)
 .data          0x0000000008010420        0x0 ../usb_kb_bsp/\libhal_bsp.a(alt_dev_llist_insert.o)
 .data          0x0000000008010420        0x0 ../usb_kb_bsp/\libhal_bsp.a(alt_do_ctors.o)
 .data          0x0000000008010420        0x0 ../usb_kb_bsp/\libhal_bsp.a(alt_do_dtors.o)
 .data          0x0000000008010420        0x0 ../usb_kb_bsp/\libhal_bsp.a(alt_icache_flush_all.o)
 .data          0x0000000008010420        0x0 ../usb_kb_bsp/\libhal_bsp.a(alt_iic.o)
 .data          0x0000000008010420        0x0 ../usb_kb_bsp/\libhal_bsp.a(alt_iic_isr_register.o)
 .data          0x0000000008010420        0x0 ../usb_kb_bsp/\libhal_bsp.a(alt_io_redirect.o)
 .data          0x0000000008010420        0x0 ../usb_kb_bsp/\libhal_bsp.a(alt_irq_entry.o)
 .data          0x0000000008010420        0x0 ../usb_kb_bsp/\libhal_bsp.a(alt_irq_handler.o)
 .data          0x0000000008010420        0x0 ../usb_kb_bsp/\libhal_bsp.a(alt_irq_vars.o)
 .data          0x0000000008010420        0x0 ../usb_kb_bsp/\libhal_bsp.a(alt_open.o)
 .data          0x0000000008010420        0x0 ../usb_kb_bsp/\libhal_bsp.a(alt_tick.o)
 .data          0x0000000008010420        0x0 ../usb_kb_bsp/\libhal_bsp.a(altera_nios2_qsys_irq.o)
 .data          0x0000000008010420        0x0 ../usb_kb_bsp/\libhal_bsp.a(alt_exception_entry.o)
 .data          0x0000000008010420        0x0 ../usb_kb_bsp/\libhal_bsp.a(alt_find_dev.o)
 .data          0x0000000008010420        0x0 ../usb_kb_bsp/\libhal_bsp.a(alt_find_file.o)
 .data          0x0000000008010420        0x0 ../usb_kb_bsp/\libhal_bsp.a(alt_get_fd.o)
 .data          0x0000000008010420        0x0 g:/course/ece/ece385/altera/nios2eds/bin/gnu/h-x86_64-mingw32/bin/../lib/gcc/nios2-elf/4.7.3/../../../../../H-x86_64-mingw32/nios2-elf/lib/mno-hw-mul\libc.a(lib_a-atexit.o)
 .data          0x0000000008010420        0x0 g:/course/ece/ece385/altera/nios2eds/bin/gnu/h-x86_64-mingw32/bin/../lib/gcc/nios2-elf/4.7.3/../../../../../H-x86_64-mingw32/nios2-elf/lib/mno-hw-mul\libc.a(lib_a-exit.o)
 .data          0x0000000008010420        0x0 g:/course/ece/ece385/altera/nios2eds/bin/gnu/h-x86_64-mingw32/bin/../lib/gcc/nios2-elf/4.7.3/../../../../../H-x86_64-mingw32/nios2-elf/lib/mno-hw-mul\libc.a(lib_a-memcmp.o)
 .data          0x0000000008010420        0x0 g:/course/ece/ece385/altera/nios2eds/bin/gnu/h-x86_64-mingw32/bin/../lib/gcc/nios2-elf/4.7.3/../../../../../H-x86_64-mingw32/nios2-elf/lib/mno-hw-mul\libc.a(lib_a-__atexit.o)
 .data          0x0000000008010420        0x0 g:/course/ece/ece385/altera/nios2eds/bin/gnu/h-x86_64-mingw32/bin/../lib/gcc/nios2-elf/4.7.3/../../../../../H-x86_64-mingw32/nios2-elf/lib/mno-hw-mul\libc.a(lib_a-__call_atexit.o)
 .data          0x0000000008010420        0x0 ../usb_kb_bsp/\libhal_bsp.a(alt_exit.o)
                0x0000000008018420                _gp = ABSOLUTE ((. + 0x8000))
                0x0000000008018420                PROVIDE (gp, _gp)
 *(.rwdata .rwdata.*)
 *(.sdata .sdata.* .gnu.linkonce.s.*)
 .sdata         0x0000000008010420        0x8 g:/course/ece/ece385/altera/nios2eds/bin/gnu/h-x86_64-mingw32/bin/../lib/gcc/nios2-elf/4.7.3/../../../../../H-x86_64-mingw32/nios2-elf/lib/mno-hw-mul\libc.a(lib_a-impure.o)
                0x0000000008010420                _global_impure_ptr
                0x0000000008010424                _impure_ptr
 .sdata         0x0000000008010428        0x4 g:/course/ece/ece385/altera/nios2eds/bin/gnu/h-x86_64-mingw32/bin/../lib/gcc/nios2-elf/4.7.3/../../../../../H-x86_64-mingw32/nios2-elf/lib/mno-hw-mul\libc.a(lib_a-locale.o)
                0x0000000008010428                __mb_cur_max
 .sdata         0x000000000801042c        0x8 g:/course/ece/ece385/altera/nios2eds/bin/gnu/h-x86_64-mingw32/bin/../lib/gcc/nios2-elf/4.7.3/../../../../../H-x86_64-mingw32/nios2-elf/lib/mno-hw-mul\libc.a(lib_a-mallocr.o)
                0x000000000801042c                __malloc_sbrk_base
                0x0000000008010430                __malloc_trim_threshold
 .sdata         0x0000000008010434       0x14 ../usb_kb_bsp/\libhal_bsp.a(alt_dev.o)
                0x0000000008010434                alt_fs_list
                0x000000000801043c                alt_dev_list
                0x0000000008010444                alt_max_fd
 .sdata         0x0000000008010448        0x4 ../usb_kb_bsp/\libhal_bsp.a(alt_errno.o)
                0x0000000008010448                alt_errno
 .sdata         0x000000000801044c        0x4 ../usb_kb_bsp/\libhal_bsp.a(alt_sbrk.o)
 .sdata         0x0000000008010450        0x4 ../usb_kb_bsp/\libhal_bsp.a(alt_irq_vars.o)
                0x0000000008010450                alt_priority_mask
 .sdata         0x0000000008010454        0x8 ../usb_kb_bsp/\libhal_bsp.a(alt_tick.o)
                0x0000000008010454                alt_alarm_list
 *(.sdata2 .sdata2.* .gnu.linkonce.s2.*)
                0x000000000801045c                . = ALIGN (0x4)
                0x000000000801045c                _edata = ABSOLUTE (.)
                0x000000000801045c                PROVIDE (edata, ABSOLUTE (.))
                0x000000000801045c                PROVIDE (__ram_rwdata_end, ABSOLUTE (.))
                0x000000000801045c                PROVIDE (__flash_rwdata_start, LOADADDR (.rwdata))

.bss            0x0000000008011eb4      0x2f0
                0x0000000008011eb4                __bss_start = ABSOLUTE (.)
                0x0000000008011eb4                PROVIDE (__sbss_start, ABSOLUTE (.))
                0x0000000008011eb4                PROVIDE (___sbss_start, ABSOLUTE (.))
 *(.dynsbss)
 *(.sbss .sbss.* .gnu.linkonce.sb.*)
 .sbss          0x0000000008011eb4        0x4 obj/default/main.o
 .sbss          0x0000000008011eb8        0xc g:/course/ece/ece385/altera/nios2eds/bin/gnu/h-x86_64-mingw32/bin/../lib/gcc/nios2-elf/4.7.3/../../../../../H-x86_64-mingw32/nios2-elf/lib/mno-hw-mul\libc.a(lib_a-locale.o)
                0x0000000008011eb8                _PathLocale
                0x0000000008011ebc                __mlocale_changed
                0x0000000008011ec0                __nlocale_changed
 .sbss          0x0000000008011ec4        0xc g:/course/ece/ece385/altera/nios2eds/bin/gnu/h-x86_64-mingw32/bin/../lib/gcc/nios2-elf/4.7.3/../../../../../H-x86_64-mingw32/nios2-elf/lib/mno-hw-mul\libc.a(lib_a-mallocr.o)
                0x0000000008011ec4                __malloc_max_total_mem
                0x0000000008011ec8                __malloc_max_sbrked_mem
                0x0000000008011ecc                __malloc_top_pad
 .sbss          0x0000000008011ed0        0x4 g:/course/ece/ece385/altera/nios2eds/bin/gnu/h-x86_64-mingw32/bin/../lib/gcc/nios2-elf/4.7.3/../../../../../H-x86_64-mingw32/nios2-elf/lib/mno-hw-mul\libc.a(lib_a-int_errno.o)
                0x0000000008011ed0                errno
 .sbss          0x0000000008011ed4        0xc ../usb_kb_bsp/\libhal_bsp.a(alt_main.o)
                0x0000000008011ed4                alt_argc
                0x0000000008011ed8                alt_argv
                0x0000000008011edc                alt_envp
 .sbss          0x0000000008011ee0        0x4 ../usb_kb_bsp/\libhal_bsp.a(alt_irq_vars.o)
                0x0000000008011ee0                alt_irq_active
 .sbss          0x0000000008011ee4        0x8 ../usb_kb_bsp/\libhal_bsp.a(alt_tick.o)
                0x0000000008011ee4                _alt_tick_rate
                0x0000000008011ee8                _alt_nticks
 *(.sbss2 .sbss2.* .gnu.linkonce.sb2.*)
 *(.scommon)
                0x0000000008011eec                PROVIDE (__sbss_end, ABSOLUTE (.))
                0x0000000008011eec                PROVIDE (___sbss_end, ABSOLUTE (.))
 *(.dynbss)
 *(.bss .bss.* .gnu.linkonce.b.*)
 .bss           0x0000000008011eec        0x0 ../usb_kb_bsp//obj/HAL/src/crt0.o
 .bss           0x0000000008011eec        0x0 obj/default/main.o
 .bss           0x0000000008011eec        0x0 obj/default/usb.o
 .bss           0x0000000008011eec        0x0 g:/course/ece/ece385/altera/nios2eds/bin/gnu/h-x86_64-mingw32/bin/../lib/gcc/nios2-elf/4.7.3/../../../../../H-x86_64-mingw32/nios2-elf/lib/mno-hw-mul\libc.a(lib_a-printf.o)
 .bss           0x0000000008011eec        0x0 g:/course/ece/ece385/altera/nios2eds/bin/gnu/h-x86_64-mingw32/bin/../lib/gcc/nios2-elf/4.7.3/../../../../../H-x86_64-mingw32/nios2-elf/lib/mno-hw-mul\libc.a(lib_a-puts.o)
 .bss           0x0000000008011eec        0x0 g:/course/ece/ece385/altera/nios2eds/bin/gnu/h-x86_64-mingw32/bin/../lib/gcc/nios2-elf/4.7.3/../../../../../H-x86_64-mingw32/nios2-elf/lib/mno-hw-mul\libc.a(lib_a-strlen.o)
 .bss           0x0000000008011eec        0x0 g:/course/ece/ece385/altera/nios2eds/bin/gnu/h-x86_64-mingw32/bin/../lib/gcc/nios2-elf/4.7.3/../../../../../H-x86_64-mingw32/nios2-elf/lib/mno-hw-mul\libc.a(lib_a-vfprintf.o)
 .bss           0x0000000008011eec        0x0 g:/course/ece/ece385/altera/nios2eds/bin/gnu/h-x86_64-mingw32/bin/../lib/gcc/nios2-elf/4.7.3/../../../../../H-x86_64-mingw32/nios2-elf/lib/mno-hw-mul\libc.a(lib_a-wsetup.o)
 .bss           0x0000000008011eec        0x0 g:/course/ece/ece385/altera/nios2eds/bin/gnu/h-x86_64-mingw32/bin/../lib/gcc/nios2-elf/4.7.3/../../../../../H-x86_64-mingw32/nios2-elf/lib/mno-hw-mul\libc.a(lib_a-dtoa.o)
 .bss           0x0000000008011eec        0x0 g:/course/ece/ece385/altera/nios2eds/bin/gnu/h-x86_64-mingw32/bin/../lib/gcc/nios2-elf/4.7.3/../../../../../H-x86_64-mingw32/nios2-elf/lib/mno-hw-mul\libc.a(lib_a-fflush.o)
 .bss           0x0000000008011eec        0x0 g:/course/ece/ece385/altera/nios2eds/bin/gnu/h-x86_64-mingw32/bin/../lib/gcc/nios2-elf/4.7.3/../../../../../H-x86_64-mingw32/nios2-elf/lib/mno-hw-mul\libc.a(lib_a-findfp.o)
 .bss           0x0000000008011eec        0x0 g:/course/ece/ece385/altera/nios2eds/bin/gnu/h-x86_64-mingw32/bin/../lib/gcc/nios2-elf/4.7.3/../../../../../H-x86_64-mingw32/nios2-elf/lib/mno-hw-mul\libc.a(lib_a-freer.o)
 .bss           0x0000000008011eec        0x0 g:/course/ece/ece385/altera/nios2eds/bin/gnu/h-x86_64-mingw32/bin/../lib/gcc/nios2-elf/4.7.3/../../../../../H-x86_64-mingw32/nios2-elf/lib/mno-hw-mul\libc.a(lib_a-fvwrite.o)
 .bss           0x0000000008011eec        0x0 g:/course/ece/ece385/altera/nios2eds/bin/gnu/h-x86_64-mingw32/bin/../lib/gcc/nios2-elf/4.7.3/../../../../../H-x86_64-mingw32/nios2-elf/lib/mno-hw-mul\libc.a(lib_a-fwalk.o)
 .bss           0x0000000008011eec        0x0 g:/course/ece/ece385/altera/nios2eds/bin/gnu/h-x86_64-mingw32/bin/../lib/gcc/nios2-elf/4.7.3/../../../../../H-x86_64-mingw32/nios2-elf/lib/mno-hw-mul\libc.a(lib_a-impure.o)
 .bss           0x0000000008011eec        0x0 g:/course/ece/ece385/altera/nios2eds/bin/gnu/h-x86_64-mingw32/bin/../lib/gcc/nios2-elf/4.7.3/../../../../../H-x86_64-mingw32/nios2-elf/lib/mno-hw-mul\libc.a(lib_a-locale.o)
 .bss           0x0000000008011eec        0x0 g:/course/ece/ece385/altera/nios2eds/bin/gnu/h-x86_64-mingw32/bin/../lib/gcc/nios2-elf/4.7.3/../../../../../H-x86_64-mingw32/nios2-elf/lib/mno-hw-mul\libc.a(lib_a-makebuf.o)
 .bss           0x0000000008011eec       0x28 g:/course/ece/ece385/altera/nios2eds/bin/gnu/h-x86_64-mingw32/bin/../lib/gcc/nios2-elf/4.7.3/../../../../../H-x86_64-mingw32/nios2-elf/lib/mno-hw-mul\libc.a(lib_a-mallocr.o)
                0x0000000008011eec                __malloc_current_mallinfo
 .bss           0x0000000008011f14        0x0 g:/course/ece/ece385/altera/nios2eds/bin/gnu/h-x86_64-mingw32/bin/../lib/gcc/nios2-elf/4.7.3/../../../../../H-x86_64-mingw32/nios2-elf/lib/mno-hw-mul\libc.a(lib_a-memchr.o)
 .bss           0x0000000008011f14        0x0 g:/course/ece/ece385/altera/nios2eds/bin/gnu/h-x86_64-mingw32/bin/../lib/gcc/nios2-elf/4.7.3/../../../../../H-x86_64-mingw32/nios2-elf/lib/mno-hw-mul\libc.a(lib_a-memcpy.o)
 .bss           0x0000000008011f14        0x0 g:/course/ece/ece385/altera/nios2eds/bin/gnu/h-x86_64-mingw32/bin/../lib/gcc/nios2-elf/4.7.3/../../../../../H-x86_64-mingw32/nios2-elf/lib/mno-hw-mul\libc.a(lib_a-memmove.o)
 .bss           0x0000000008011f14        0x0 g:/course/ece/ece385/altera/nios2eds/bin/gnu/h-x86_64-mingw32/bin/../lib/gcc/nios2-elf/4.7.3/../../../../../H-x86_64-mingw32/nios2-elf/lib/mno-hw-mul\libc.a(lib_a-memset.o)
 .bss           0x0000000008011f14        0x0 g:/course/ece/ece385/altera/nios2eds/bin/gnu/h-x86_64-mingw32/bin/../lib/gcc/nios2-elf/4.7.3/../../../../../H-x86_64-mingw32/nios2-elf/lib/mno-hw-mul\libc.a(lib_a-mprec.o)
 .bss           0x0000000008011f14        0x0 g:/course/ece/ece385/altera/nios2eds/bin/gnu/h-x86_64-mingw32/bin/../lib/gcc/nios2-elf/4.7.3/../../../../../H-x86_64-mingw32/nios2-elf/lib/mno-hw-mul\libc.a(lib_a-reallocr.o)
 .bss           0x0000000008011f14        0x0 g:/course/ece/ece385/altera/nios2eds/bin/gnu/h-x86_64-mingw32/bin/../lib/gcc/nios2-elf/4.7.3/../../../../../H-x86_64-mingw32/nios2-elf/lib/mno-hw-mul\libc.a(lib_a-s_isinfd.o)
 .bss           0x0000000008011f14        0x0 g:/course/ece/ece385/altera/nios2eds/bin/gnu/h-x86_64-mingw32/bin/../lib/gcc/nios2-elf/4.7.3/../../../../../H-x86_64-mingw32/nios2-elf/lib/mno-hw-mul\libc.a(lib_a-s_isnand.o)
 .bss           0x0000000008011f14        0x0 g:/course/ece/ece385/altera/nios2eds/bin/gnu/h-x86_64-mingw32/bin/../lib/gcc/nios2-elf/4.7.3/../../../../../H-x86_64-mingw32/nios2-elf/lib/mno-hw-mul\libc.a(lib_a-sbrkr.o)
 .bss           0x0000000008011f14        0x0 g:/course/ece/ece385/altera/nios2eds/bin/gnu/h-x86_64-mingw32/bin/../lib/gcc/nios2-elf/4.7.3/../../../../../H-x86_64-mingw32/nios2-elf/lib/mno-hw-mul\libc.a(lib_a-stdio.o)
 .bss           0x0000000008011f14        0x0 g:/course/ece/ece385/altera/nios2eds/bin/gnu/h-x86_64-mingw32/bin/../lib/gcc/nios2-elf/4.7.3/../../../../../H-x86_64-mingw32/nios2-elf/lib/mno-hw-mul\libc.a(lib_a-strcmp.o)
 .bss           0x0000000008011f14        0x0 g:/course/ece/ece385/altera/nios2eds/bin/gnu/h-x86_64-mingw32/bin/../lib/gcc/nios2-elf/4.7.3/../../../../../H-x86_64-mingw32/nios2-elf/lib/mno-hw-mul\libc.a(lib_a-writer.o)
 .bss           0x0000000008011f14        0x0 g:/course/ece/ece385/altera/nios2eds/bin/gnu/h-x86_64-mingw32/bin/../lib/gcc/nios2-elf/4.7.3/../../../../../H-x86_64-mingw32/nios2-elf/lib/mno-hw-mul\libc.a(lib_a-callocr.o)
 .bss           0x0000000008011f14        0x0 g:/course/ece/ece385/altera/nios2eds/bin/gnu/h-x86_64-mingw32/bin/../lib/gcc/nios2-elf/4.7.3/../../../../../H-x86_64-mingw32/nios2-elf/lib/mno-hw-mul\libc.a(lib_a-closer.o)
 .bss           0x0000000008011f14        0x0 g:/course/ece/ece385/altera/nios2eds/bin/gnu/h-x86_64-mingw32/bin/../lib/gcc/nios2-elf/4.7.3/../../../../../H-x86_64-mingw32/nios2-elf/lib/mno-hw-mul\libc.a(lib_a-fclose.o)
 .bss           0x0000000008011f14        0x0 g:/course/ece/ece385/altera/nios2eds/bin/gnu/h-x86_64-mingw32/bin/../lib/gcc/nios2-elf/4.7.3/../../../../../H-x86_64-mingw32/nios2-elf/lib/mno-hw-mul\libc.a(lib_a-fstatr.o)
 .bss           0x0000000008011f14        0x0 g:/course/ece/ece385/altera/nios2eds/bin/gnu/h-x86_64-mingw32/bin/../lib/gcc/nios2-elf/4.7.3/../../../../../H-x86_64-mingw32/nios2-elf/lib/mno-hw-mul\libc.a(lib_a-int_errno.o)
 .bss           0x0000000008011f14        0x0 g:/course/ece/ece385/altera/nios2eds/bin/gnu/h-x86_64-mingw32/bin/../lib/gcc/nios2-elf/4.7.3/../../../../../H-x86_64-mingw32/nios2-elf/lib/mno-hw-mul\libc.a(lib_a-isattyr.o)
 .bss           0x0000000008011f14        0x0 g:/course/ece/ece385/altera/nios2eds/bin/gnu/h-x86_64-mingw32/bin/../lib/gcc/nios2-elf/4.7.3/../../../../../H-x86_64-mingw32/nios2-elf/lib/mno-hw-mul\libc.a(lib_a-lseekr.o)
 .bss           0x0000000008011f14        0x0 g:/course/ece/ece385/altera/nios2eds/bin/gnu/h-x86_64-mingw32/bin/../lib/gcc/nios2-elf/4.7.3/../../../../../H-x86_64-mingw32/nios2-elf/lib/mno-hw-mul\libc.a(lib_a-readr.o)
 .bss           0x0000000008011f14        0x0 g:/course/ece/ece385/altera/nios2eds/bin/gnu/h-x86_64-mingw32/bin/../lib/gcc/nios2-elf/4.7.3/mno-hw-mul\libgcc.a(_udivdi3.o)
 .bss           0x0000000008011f14        0x0 g:/course/ece/ece385/altera/nios2eds/bin/gnu/h-x86_64-mingw32/bin/../lib/gcc/nios2-elf/4.7.3/mno-hw-mul\libgcc.a(_umoddi3.o)
 .bss           0x0000000008011f14        0x0 g:/course/ece/ece385/altera/nios2eds/bin/gnu/h-x86_64-mingw32/bin/../lib/gcc/nios2-elf/4.7.3/mno-hw-mul\libgcc.a(_addsub_df.o)
 .bss           0x0000000008011f14        0x0 g:/course/ece/ece385/altera/nios2eds/bin/gnu/h-x86_64-mingw32/bin/../lib/gcc/nios2-elf/4.7.3/mno-hw-mul\libgcc.a(_mul_df.o)
 .bss           0x0000000008011f14        0x0 g:/course/ece/ece385/altera/nios2eds/bin/gnu/h-x86_64-mingw32/bin/../lib/gcc/nios2-elf/4.7.3/mno-hw-mul\libgcc.a(_div_df.o)
 .bss           0x0000000008011f14        0x0 g:/course/ece/ece385/altera/nios2eds/bin/gnu/h-x86_64-mingw32/bin/../lib/gcc/nios2-elf/4.7.3/mno-hw-mul\libgcc.a(_eq_df.o)
 .bss           0x0000000008011f14        0x0 g:/course/ece/ece385/altera/nios2eds/bin/gnu/h-x86_64-mingw32/bin/../lib/gcc/nios2-elf/4.7.3/mno-hw-mul\libgcc.a(_ne_df.o)
 .bss           0x0000000008011f14        0x0 g:/course/ece/ece385/altera/nios2eds/bin/gnu/h-x86_64-mingw32/bin/../lib/gcc/nios2-elf/4.7.3/mno-hw-mul\libgcc.a(_gt_df.o)
 .bss           0x0000000008011f14        0x0 g:/course/ece/ece385/altera/nios2eds/bin/gnu/h-x86_64-mingw32/bin/../lib/gcc/nios2-elf/4.7.3/mno-hw-mul\libgcc.a(_ge_df.o)
 .bss           0x0000000008011f14        0x0 g:/course/ece/ece385/altera/nios2eds/bin/gnu/h-x86_64-mingw32/bin/../lib/gcc/nios2-elf/4.7.3/mno-hw-mul\libgcc.a(_lt_df.o)
 .bss           0x0000000008011f14        0x0 g:/course/ece/ece385/altera/nios2eds/bin/gnu/h-x86_64-mingw32/bin/../lib/gcc/nios2-elf/4.7.3/mno-hw-mul\libgcc.a(_si_to_df.o)
 .bss           0x0000000008011f14        0x0 g:/course/ece/ece385/altera/nios2eds/bin/gnu/h-x86_64-mingw32/bin/../lib/gcc/nios2-elf/4.7.3/mno-hw-mul\libgcc.a(_df_to_si.o)
 .bss           0x0000000008011f14        0x0 g:/course/ece/ece385/altera/nios2eds/bin/gnu/h-x86_64-mingw32/bin/../lib/gcc/nios2-elf/4.7.3/mno-hw-mul\libgcc.a(_thenan_df.o)
 .bss           0x0000000008011f14        0x0 g:/course/ece/ece385/altera/nios2eds/bin/gnu/h-x86_64-mingw32/bin/../lib/gcc/nios2-elf/4.7.3/mno-hw-mul\libgcc.a(_usi_to_df.o)
 .bss           0x0000000008011f14        0x0 g:/course/ece/ece385/altera/nios2eds/bin/gnu/h-x86_64-mingw32/bin/../lib/gcc/nios2-elf/4.7.3/mno-hw-mul\libgcc.a(lib2-divmod.o)
 .bss           0x0000000008011f14        0x0 g:/course/ece/ece385/altera/nios2eds/bin/gnu/h-x86_64-mingw32/bin/../lib/gcc/nios2-elf/4.7.3/mno-hw-mul\libgcc.a(lib2-mul.o)
 .bss           0x0000000008011f14        0x0 g:/course/ece/ece385/altera/nios2eds/bin/gnu/h-x86_64-mingw32/bin/../lib/gcc/nios2-elf/4.7.3/mno-hw-mul\libgcc.a(_muldi3.o)
 .bss           0x0000000008011f14        0x0 g:/course/ece/ece385/altera/nios2eds/bin/gnu/h-x86_64-mingw32/bin/../lib/gcc/nios2-elf/4.7.3/mno-hw-mul\libgcc.a(_clz.o)
 .bss           0x0000000008011f14        0x0 g:/course/ece/ece385/altera/nios2eds/bin/gnu/h-x86_64-mingw32/bin/../lib/gcc/nios2-elf/4.7.3/mno-hw-mul\libgcc.a(_clzsi2.o)
 .bss           0x0000000008011f14        0x0 g:/course/ece/ece385/altera/nios2eds/bin/gnu/h-x86_64-mingw32/bin/../lib/gcc/nios2-elf/4.7.3/mno-hw-mul\libgcc.a(_pack_df.o)
 .bss           0x0000000008011f14        0x0 g:/course/ece/ece385/altera/nios2eds/bin/gnu/h-x86_64-mingw32/bin/../lib/gcc/nios2-elf/4.7.3/mno-hw-mul\libgcc.a(_unpack_df.o)
 .bss           0x0000000008011f14        0x0 g:/course/ece/ece385/altera/nios2eds/bin/gnu/h-x86_64-mingw32/bin/../lib/gcc/nios2-elf/4.7.3/mno-hw-mul\libgcc.a(_fpcmp_parts_df.o)
 .bss           0x0000000008011f14        0x0 g:/course/ece/ece385/altera/nios2eds/bin/gnu/h-x86_64-mingw32/bin/../lib/gcc/nios2-elf/4.7.3/mno-hw-mul\libgcc.a(_lshrdi3.o)
 .bss           0x0000000008011f14        0x0 g:/course/ece/ece385/altera/nios2eds/bin/gnu/h-x86_64-mingw32/bin/../lib/gcc/nios2-elf/4.7.3/mno-hw-mul\libgcc.a(_ashldi3.o)
 .bss           0x0000000008011f14        0x0 ../usb_kb_bsp/\libhal_bsp.a(alt_close.o)
 .bss           0x0000000008011f14        0x0 ../usb_kb_bsp/\libhal_bsp.a(alt_dev.o)
 .bss           0x0000000008011f14        0x0 ../usb_kb_bsp/\libhal_bsp.a(alt_errno.o)
 .bss           0x0000000008011f14        0x0 ../usb_kb_bsp/\libhal_bsp.a(alt_fstat.o)
 .bss           0x0000000008011f14        0x0 ../usb_kb_bsp/\libhal_bsp.a(alt_isatty.o)
 .bss           0x0000000008011f14        0x0 ../usb_kb_bsp/\libhal_bsp.a(alt_load.o)
 .bss           0x0000000008011f14        0x0 ../usb_kb_bsp/\libhal_bsp.a(alt_lseek.o)
 .bss           0x0000000008011f14        0x0 ../usb_kb_bsp/\libhal_bsp.a(alt_main.o)
 .bss           0x0000000008011f14        0x0 ../usb_kb_bsp/\libhal_bsp.a(alt_malloc_lock.o)
 .bss           0x0000000008011f14        0x0 ../usb_kb_bsp/\libhal_bsp.a(alt_read.o)
 .bss           0x0000000008011f14        0x0 ../usb_kb_bsp/\libhal_bsp.a(alt_release_fd.o)
 .bss           0x0000000008011f14        0x0 ../usb_kb_bsp/\libhal_bsp.a(alt_sbrk.o)
 .bss           0x0000000008011f14        0x0 ../usb_kb_bsp/\libhal_bsp.a(alt_usleep.o)
 .bss           0x0000000008011f14        0x0 ../usb_kb_bsp/\libhal_bsp.a(alt_write.o)
 .bss           0x0000000008011f14        0x0 ../usb_kb_bsp/\libhal_bsp.a(alt_sys_init.o)
 .bss           0x0000000008011f14        0x0 ../usb_kb_bsp/\libhal_bsp.a(altera_avalon_jtag_uart_fd.o)
 .bss           0x0000000008011f14        0x0 ../usb_kb_bsp/\libhal_bsp.a(altera_avalon_jtag_uart_init.o)
 .bss           0x0000000008011f14        0x0 ../usb_kb_bsp/\libhal_bsp.a(altera_avalon_jtag_uart_ioctl.o)
 .bss           0x0000000008011f14        0x0 ../usb_kb_bsp/\libhal_bsp.a(altera_avalon_jtag_uart_read.o)
 .bss           0x0000000008011f14        0x0 ../usb_kb_bsp/\libhal_bsp.a(altera_avalon_jtag_uart_write.o)
 .bss           0x0000000008011f14        0x0 ../usb_kb_bsp/\libhal_bsp.a(alt_alarm_start.o)
 .bss           0x0000000008011f14        0x0 ../usb_kb_bsp/\libhal_bsp.a(alt_busy_sleep.o)
 .bss           0x0000000008011f14        0x0 ../usb_kb_bsp/\libhal_bsp.a(alt_dcache_flush_all.o)
 .bss           0x0000000008011f14        0x0 ../usb_kb_bsp/\libhal_bsp.a(alt_dev_llist_insert.o)
 .bss           0x0000000008011f14        0x0 ../usb_kb_bsp/\libhal_bsp.a(alt_do_ctors.o)
 .bss           0x0000000008011f14        0x0 ../usb_kb_bsp/\libhal_bsp.a(alt_do_dtors.o)
 .bss           0x0000000008011f14        0x0 ../usb_kb_bsp/\libhal_bsp.a(alt_icache_flush_all.o)
 .bss           0x0000000008011f14        0x0 ../usb_kb_bsp/\libhal_bsp.a(alt_iic.o)
 .bss           0x0000000008011f14        0x0 ../usb_kb_bsp/\libhal_bsp.a(alt_iic_isr_register.o)
 .bss           0x0000000008011f14        0x0 ../usb_kb_bsp/\libhal_bsp.a(alt_io_redirect.o)
 .bss           0x0000000008011f14        0x0 ../usb_kb_bsp/\libhal_bsp.a(alt_irq_entry.o)
 .bss           0x0000000008011f14        0x0 ../usb_kb_bsp/\libhal_bsp.a(alt_irq_handler.o)
 .bss           0x0000000008011f14        0x0 ../usb_kb_bsp/\libhal_bsp.a(alt_irq_vars.o)
 .bss           0x0000000008011f14        0x0 ../usb_kb_bsp/\libhal_bsp.a(alt_open.o)
 .bss           0x0000000008011f14        0x0 ../usb_kb_bsp/\libhal_bsp.a(alt_tick.o)
 .bss           0x0000000008011f14        0x0 ../usb_kb_bsp/\libhal_bsp.a(altera_nios2_qsys_irq.o)
 .bss           0x0000000008011f14        0x0 ../usb_kb_bsp/\libhal_bsp.a(alt_exception_entry.o)
 .bss           0x0000000008011f14        0x0 ../usb_kb_bsp/\libhal_bsp.a(alt_find_dev.o)
 .bss           0x0000000008011f14        0x0 ../usb_kb_bsp/\libhal_bsp.a(alt_find_file.o)
 .bss           0x0000000008011f14        0x0 ../usb_kb_bsp/\libhal_bsp.a(alt_get_fd.o)
 .bss           0x0000000008011f14        0x0 g:/course/ece/ece385/altera/nios2eds/bin/gnu/h-x86_64-mingw32/bin/../lib/gcc/nios2-elf/4.7.3/../../../../../H-x86_64-mingw32/nios2-elf/lib/mno-hw-mul\libc.a(lib_a-atexit.o)
 .bss           0x0000000008011f14        0x0 g:/course/ece/ece385/altera/nios2eds/bin/gnu/h-x86_64-mingw32/bin/../lib/gcc/nios2-elf/4.7.3/../../../../../H-x86_64-mingw32/nios2-elf/lib/mno-hw-mul\libc.a(lib_a-exit.o)
 .bss           0x0000000008011f14        0x0 g:/course/ece/ece385/altera/nios2eds/bin/gnu/h-x86_64-mingw32/bin/../lib/gcc/nios2-elf/4.7.3/../../../../../H-x86_64-mingw32/nios2-elf/lib/mno-hw-mul\libc.a(lib_a-memcmp.o)
 .bss           0x0000000008011f14        0x0 g:/course/ece/ece385/altera/nios2eds/bin/gnu/h-x86_64-mingw32/bin/../lib/gcc/nios2-elf/4.7.3/../../../../../H-x86_64-mingw32/nios2-elf/lib/mno-hw-mul\libc.a(lib_a-__atexit.o)
 .bss           0x0000000008011f14        0x0 g:/course/ece/ece385/altera/nios2eds/bin/gnu/h-x86_64-mingw32/bin/../lib/gcc/nios2-elf/4.7.3/../../../../../H-x86_64-mingw32/nios2-elf/lib/mno-hw-mul\libc.a(lib_a-__call_atexit.o)
 .bss           0x0000000008011f14        0x0 ../usb_kb_bsp/\libhal_bsp.a(alt_exit.o)
 *(COMMON)
 COMMON         0x0000000008011f14      0x100 ../usb_kb_bsp/\libhal_bsp.a(alt_irq_handler.o)
                0x0000000008011f14                alt_irq
 COMMON         0x0000000008012014      0x190 g:/course/ece/ece385/altera/nios2eds/bin/gnu/h-x86_64-mingw32/bin/../lib/gcc/nios2-elf/4.7.3/../../../../../H-x86_64-mingw32/nios2-elf/lib/mno-hw-mul\libc.a(lib_a-atexit.o)
                0x0000000008012014                _atexit0
                0x00000000080121a4                . = ALIGN (0x4)
                0x00000000080121a4                __bss_end = ABSOLUTE (.)

.sdram          0x00000000080121a4        0x0
                0x00000000080121a4                PROVIDE (_alt_partition_sdram_start, ABSOLUTE (.))
 *(.sdram .sdram. sdram.*)
                0x00000000080121a4                . = ALIGN (0x4)
                0x00000000080121a4                PROVIDE (_alt_partition_sdram_end, ABSOLUTE (.))
                0x00000000080121a4                _end = ABSOLUTE (.)
                0x00000000080121a4                end = ABSOLUTE (.)
                0x00000000080121a4                __alt_stack_base = ABSOLUTE (.)
                0x00000000080121a4                PROVIDE (_alt_partition_sdram_load_addr, LOADADDR (.sdram))

.stab
 *(.stab)

.stabstr
 *(.stabstr)

.stab.excl
 *(.stab.excl)

.stab.exclstr
 *(.stab.exclstr)

.stab.index
 *(.stab.index)

.stab.indexstr
 *(.stab.indexstr)

.comment        0x0000000000000000       0x23
 *(.comment)
 .comment       0x0000000000000000       0x23 obj/default/main.o
                                         0x24 (size before relaxing)
 .comment       0x0000000000000000       0x24 obj/default/usb.o
 .comment       0x0000000000000000       0x24 g:/course/ece/ece385/altera/nios2eds/bin/gnu/h-x86_64-mingw32/bin/../lib/gcc/nios2-elf/4.7.3/../../../../../H-x86_64-mingw32/nios2-elf/lib/mno-hw-mul\libc.a(lib_a-printf.o)
 .comment       0x0000000000000000       0x24 g:/course/ece/ece385/altera/nios2eds/bin/gnu/h-x86_64-mingw32/bin/../lib/gcc/nios2-elf/4.7.3/../../../../../H-x86_64-mingw32/nios2-elf/lib/mno-hw-mul\libc.a(lib_a-puts.o)
 .comment       0x0000000000000000       0x24 g:/course/ece/ece385/altera/nios2eds/bin/gnu/h-x86_64-mingw32/bin/../lib/gcc/nios2-elf/4.7.3/../../../../../H-x86_64-mingw32/nios2-elf/lib/mno-hw-mul\libc.a(lib_a-strlen.o)
 .comment       0x0000000000000000       0x24 g:/course/ece/ece385/altera/nios2eds/bin/gnu/h-x86_64-mingw32/bin/../lib/gcc/nios2-elf/4.7.3/../../../../../H-x86_64-mingw32/nios2-elf/lib/mno-hw-mul\libc.a(lib_a-vfprintf.o)
 .comment       0x0000000000000000       0x24 g:/course/ece/ece385/altera/nios2eds/bin/gnu/h-x86_64-mingw32/bin/../lib/gcc/nios2-elf/4.7.3/../../../../../H-x86_64-mingw32/nios2-elf/lib/mno-hw-mul\libc.a(lib_a-wsetup.o)
 .comment       0x0000000000000000       0x24 g:/course/ece/ece385/altera/nios2eds/bin/gnu/h-x86_64-mingw32/bin/../lib/gcc/nios2-elf/4.7.3/../../../../../H-x86_64-mingw32/nios2-elf/lib/mno-hw-mul\libc.a(lib_a-dtoa.o)
 .comment       0x0000000000000000       0x24 g:/course/ece/ece385/altera/nios2eds/bin/gnu/h-x86_64-mingw32/bin/../lib/gcc/nios2-elf/4.7.3/../../../../../H-x86_64-mingw32/nios2-elf/lib/mno-hw-mul\libc.a(lib_a-fflush.o)
 .comment       0x0000000000000000       0x24 g:/course/ece/ece385/altera/nios2eds/bin/gnu/h-x86_64-mingw32/bin/../lib/gcc/nios2-elf/4.7.3/../../../../../H-x86_64-mingw32/nios2-elf/lib/mno-hw-mul\libc.a(lib_a-findfp.o)
 .comment       0x0000000000000000       0x24 g:/course/ece/ece385/altera/nios2eds/bin/gnu/h-x86_64-mingw32/bin/../lib/gcc/nios2-elf/4.7.3/../../../../../H-x86_64-mingw32/nios2-elf/lib/mno-hw-mul\libc.a(lib_a-freer.o)
 .comment       0x0000000000000000       0x24 g:/course/ece/ece385/altera/nios2eds/bin/gnu/h-x86_64-mingw32/bin/../lib/gcc/nios2-elf/4.7.3/../../../../../H-x86_64-mingw32/nios2-elf/lib/mno-hw-mul\libc.a(lib_a-fvwrite.o)
 .comment       0x0000000000000000       0x24 g:/course/ece/ece385/altera/nios2eds/bin/gnu/h-x86_64-mingw32/bin/../lib/gcc/nios2-elf/4.7.3/../../../../../H-x86_64-mingw32/nios2-elf/lib/mno-hw-mul\libc.a(lib_a-fwalk.o)
 .comment       0x0000000000000000       0x24 g:/course/ece/ece385/altera/nios2eds/bin/gnu/h-x86_64-mingw32/bin/../lib/gcc/nios2-elf/4.7.3/../../../../../H-x86_64-mingw32/nios2-elf/lib/mno-hw-mul\libc.a(lib_a-impure.o)
 .comment       0x0000000000000000       0x24 g:/course/ece/ece385/altera/nios2eds/bin/gnu/h-x86_64-mingw32/bin/../lib/gcc/nios2-elf/4.7.3/../../../../../H-x86_64-mingw32/nios2-elf/lib/mno-hw-mul\libc.a(lib_a-locale.o)
 .comment       0x0000000000000000       0x24 g:/course/ece/ece385/altera/nios2eds/bin/gnu/h-x86_64-mingw32/bin/../lib/gcc/nios2-elf/4.7.3/../../../../../H-x86_64-mingw32/nios2-elf/lib/mno-hw-mul\libc.a(lib_a-makebuf.o)
 .comment       0x0000000000000000       0x24 g:/course/ece/ece385/altera/nios2eds/bin/gnu/h-x86_64-mingw32/bin/../lib/gcc/nios2-elf/4.7.3/../../../../../H-x86_64-mingw32/nios2-elf/lib/mno-hw-mul\libc.a(lib_a-mallocr.o)
 .comment       0x0000000000000000       0x24 g:/course/ece/ece385/altera/nios2eds/bin/gnu/h-x86_64-mingw32/bin/../lib/gcc/nios2-elf/4.7.3/../../../../../H-x86_64-mingw32/nios2-elf/lib/mno-hw-mul\libc.a(lib_a-memchr.o)
 .comment       0x0000000000000000       0x24 g:/course/ece/ece385/altera/nios2eds/bin/gnu/h-x86_64-mingw32/bin/../lib/gcc/nios2-elf/4.7.3/../../../../../H-x86_64-mingw32/nios2-elf/lib/mno-hw-mul\libc.a(lib_a-memcpy.o)
 .comment       0x0000000000000000       0x24 g:/course/ece/ece385/altera/nios2eds/bin/gnu/h-x86_64-mingw32/bin/../lib/gcc/nios2-elf/4.7.3/../../../../../H-x86_64-mingw32/nios2-elf/lib/mno-hw-mul\libc.a(lib_a-memmove.o)
 .comment       0x0000000000000000       0x24 g:/course/ece/ece385/altera/nios2eds/bin/gnu/h-x86_64-mingw32/bin/../lib/gcc/nios2-elf/4.7.3/../../../../../H-x86_64-mingw32/nios2-elf/lib/mno-hw-mul\libc.a(lib_a-memset.o)
 .comment       0x0000000000000000       0x24 g:/course/ece/ece385/altera/nios2eds/bin/gnu/h-x86_64-mingw32/bin/../lib/gcc/nios2-elf/4.7.3/../../../../../H-x86_64-mingw32/nios2-elf/lib/mno-hw-mul\libc.a(lib_a-mprec.o)
 .comment       0x0000000000000000       0x24 g:/course/ece/ece385/altera/nios2eds/bin/gnu/h-x86_64-mingw32/bin/../lib/gcc/nios2-elf/4.7.3/../../../../../H-x86_64-mingw32/nios2-elf/lib/mno-hw-mul\libc.a(lib_a-reallocr.o)
 .comment       0x0000000000000000       0x24 g:/course/ece/ece385/altera/nios2eds/bin/gnu/h-x86_64-mingw32/bin/../lib/gcc/nios2-elf/4.7.3/../../../../../H-x86_64-mingw32/nios2-elf/lib/mno-hw-mul\libc.a(lib_a-s_isinfd.o)
 .comment       0x0000000000000000       0x24 g:/course/ece/ece385/altera/nios2eds/bin/gnu/h-x86_64-mingw32/bin/../lib/gcc/nios2-elf/4.7.3/../../../../../H-x86_64-mingw32/nios2-elf/lib/mno-hw-mul\libc.a(lib_a-s_isnand.o)
 .comment       0x0000000000000000       0x24 g:/course/ece/ece385/altera/nios2eds/bin/gnu/h-x86_64-mingw32/bin/../lib/gcc/nios2-elf/4.7.3/../../../../../H-x86_64-mingw32/nios2-elf/lib/mno-hw-mul\libc.a(lib_a-sbrkr.o)
 .comment       0x0000000000000000       0x24 g:/course/ece/ece385/altera/nios2eds/bin/gnu/h-x86_64-mingw32/bin/../lib/gcc/nios2-elf/4.7.3/../../../../../H-x86_64-mingw32/nios2-elf/lib/mno-hw-mul\libc.a(lib_a-stdio.o)
 .comment       0x0000000000000000       0x24 g:/course/ece/ece385/altera/nios2eds/bin/gnu/h-x86_64-mingw32/bin/../lib/gcc/nios2-elf/4.7.3/../../../../../H-x86_64-mingw32/nios2-elf/lib/mno-hw-mul\libc.a(lib_a-strcmp.o)
 .comment       0x0000000000000000       0x24 g:/course/ece/ece385/altera/nios2eds/bin/gnu/h-x86_64-mingw32/bin/../lib/gcc/nios2-elf/4.7.3/../../../../../H-x86_64-mingw32/nios2-elf/lib/mno-hw-mul\libc.a(lib_a-writer.o)
 .comment       0x0000000000000000       0x24 g:/course/ece/ece385/altera/nios2eds/bin/gnu/h-x86_64-mingw32/bin/../lib/gcc/nios2-elf/4.7.3/../../../../../H-x86_64-mingw32/nios2-elf/lib/mno-hw-mul\libc.a(lib_a-callocr.o)
 .comment       0x0000000000000000       0x24 g:/course/ece/ece385/altera/nios2eds/bin/gnu/h-x86_64-mingw32/bin/../lib/gcc/nios2-elf/4.7.3/../../../../../H-x86_64-mingw32/nios2-elf/lib/mno-hw-mul\libc.a(lib_a-closer.o)
 .comment       0x0000000000000000       0x24 g:/course/ece/ece385/altera/nios2eds/bin/gnu/h-x86_64-mingw32/bin/../lib/gcc/nios2-elf/4.7.3/../../../../../H-x86_64-mingw32/nios2-elf/lib/mno-hw-mul\libc.a(lib_a-fclose.o)
 .comment       0x0000000000000000       0x24 g:/course/ece/ece385/altera/nios2eds/bin/gnu/h-x86_64-mingw32/bin/../lib/gcc/nios2-elf/4.7.3/../../../../../H-x86_64-mingw32/nios2-elf/lib/mno-hw-mul\libc.a(lib_a-fstatr.o)
 .comment       0x0000000000000000       0x24 g:/course/ece/ece385/altera/nios2eds/bin/gnu/h-x86_64-mingw32/bin/../lib/gcc/nios2-elf/4.7.3/../../../../../H-x86_64-mingw32/nios2-elf/lib/mno-hw-mul\libc.a(lib_a-int_errno.o)
 .comment       0x0000000000000000       0x24 g:/course/ece/ece385/altera/nios2eds/bin/gnu/h-x86_64-mingw32/bin/../lib/gcc/nios2-elf/4.7.3/../../../../../H-x86_64-mingw32/nios2-elf/lib/mno-hw-mul\libc.a(lib_a-isattyr.o)
 .comment       0x0000000000000000       0x24 g:/course/ece/ece385/altera/nios2eds/bin/gnu/h-x86_64-mingw32/bin/../lib/gcc/nios2-elf/4.7.3/../../../../../H-x86_64-mingw32/nios2-elf/lib/mno-hw-mul\libc.a(lib_a-lseekr.o)
 .comment       0x0000000000000000       0x24 g:/course/ece/ece385/altera/nios2eds/bin/gnu/h-x86_64-mingw32/bin/../lib/gcc/nios2-elf/4.7.3/../../../../../H-x86_64-mingw32/nios2-elf/lib/mno-hw-mul\libc.a(lib_a-readr.o)
 .comment       0x0000000000000000       0x24 g:/course/ece/ece385/altera/nios2eds/bin/gnu/h-x86_64-mingw32/bin/../lib/gcc/nios2-elf/4.7.3/mno-hw-mul\libgcc.a(_udivdi3.o)
 .comment       0x0000000000000000       0x24 g:/course/ece/ece385/altera/nios2eds/bin/gnu/h-x86_64-mingw32/bin/../lib/gcc/nios2-elf/4.7.3/mno-hw-mul\libgcc.a(_umoddi3.o)
 .comment       0x0000000000000000       0x24 g:/course/ece/ece385/altera/nios2eds/bin/gnu/h-x86_64-mingw32/bin/../lib/gcc/nios2-elf/4.7.3/mno-hw-mul\libgcc.a(_addsub_df.o)
 .comment       0x0000000000000000       0x24 g:/course/ece/ece385/altera/nios2eds/bin/gnu/h-x86_64-mingw32/bin/../lib/gcc/nios2-elf/4.7.3/mno-hw-mul\libgcc.a(_mul_df.o)
 .comment       0x0000000000000000       0x24 g:/course/ece/ece385/altera/nios2eds/bin/gnu/h-x86_64-mingw32/bin/../lib/gcc/nios2-elf/4.7.3/mno-hw-mul\libgcc.a(_div_df.o)
 .comment       0x0000000000000000       0x24 g:/course/ece/ece385/altera/nios2eds/bin/gnu/h-x86_64-mingw32/bin/../lib/gcc/nios2-elf/4.7.3/mno-hw-mul\libgcc.a(_eq_df.o)
 .comment       0x0000000000000000       0x24 g:/course/ece/ece385/altera/nios2eds/bin/gnu/h-x86_64-mingw32/bin/../lib/gcc/nios2-elf/4.7.3/mno-hw-mul\libgcc.a(_ne_df.o)
 .comment       0x0000000000000000       0x24 g:/course/ece/ece385/altera/nios2eds/bin/gnu/h-x86_64-mingw32/bin/../lib/gcc/nios2-elf/4.7.3/mno-hw-mul\libgcc.a(_gt_df.o)
 .comment       0x0000000000000000       0x24 g:/course/ece/ece385/altera/nios2eds/bin/gnu/h-x86_64-mingw32/bin/../lib/gcc/nios2-elf/4.7.3/mno-hw-mul\libgcc.a(_ge_df.o)
 .comment       0x0000000000000000       0x24 g:/course/ece/ece385/altera/nios2eds/bin/gnu/h-x86_64-mingw32/bin/../lib/gcc/nios2-elf/4.7.3/mno-hw-mul\libgcc.a(_lt_df.o)
 .comment       0x0000000000000000       0x24 g:/course/ece/ece385/altera/nios2eds/bin/gnu/h-x86_64-mingw32/bin/../lib/gcc/nios2-elf/4.7.3/mno-hw-mul\libgcc.a(_si_to_df.o)
 .comment       0x0000000000000000       0x24 g:/course/ece/ece385/altera/nios2eds/bin/gnu/h-x86_64-mingw32/bin/../lib/gcc/nios2-elf/4.7.3/mno-hw-mul\libgcc.a(_df_to_si.o)
 .comment       0x0000000000000000       0x24 g:/course/ece/ece385/altera/nios2eds/bin/gnu/h-x86_64-mingw32/bin/../lib/gcc/nios2-elf/4.7.3/mno-hw-mul\libgcc.a(_thenan_df.o)
 .comment       0x0000000000000000       0x24 g:/course/ece/ece385/altera/nios2eds/bin/gnu/h-x86_64-mingw32/bin/../lib/gcc/nios2-elf/4.7.3/mno-hw-mul\libgcc.a(_usi_to_df.o)
 .comment       0x0000000000000000       0x24 g:/course/ece/ece385/altera/nios2eds/bin/gnu/h-x86_64-mingw32/bin/../lib/gcc/nios2-elf/4.7.3/mno-hw-mul\libgcc.a(lib2-divmod.o)
 .comment       0x0000000000000000       0x24 g:/course/ece/ece385/altera/nios2eds/bin/gnu/h-x86_64-mingw32/bin/../lib/gcc/nios2-elf/4.7.3/mno-hw-mul\libgcc.a(lib2-mul.o)
 .comment       0x0000000000000000       0x24 g:/course/ece/ece385/altera/nios2eds/bin/gnu/h-x86_64-mingw32/bin/../lib/gcc/nios2-elf/4.7.3/mno-hw-mul\libgcc.a(_muldi3.o)
 .comment       0x0000000000000000       0x24 g:/course/ece/ece385/altera/nios2eds/bin/gnu/h-x86_64-mingw32/bin/../lib/gcc/nios2-elf/4.7.3/mno-hw-mul\libgcc.a(_clz.o)
 .comment       0x0000000000000000       0x24 g:/course/ece/ece385/altera/nios2eds/bin/gnu/h-x86_64-mingw32/bin/../lib/gcc/nios2-elf/4.7.3/mno-hw-mul\libgcc.a(_clzsi2.o)
 .comment       0x0000000000000000       0x24 g:/course/ece/ece385/altera/nios2eds/bin/gnu/h-x86_64-mingw32/bin/../lib/gcc/nios2-elf/4.7.3/mno-hw-mul\libgcc.a(_pack_df.o)
 .comment       0x0000000000000000       0x24 g:/course/ece/ece385/altera/nios2eds/bin/gnu/h-x86_64-mingw32/bin/../lib/gcc/nios2-elf/4.7.3/mno-hw-mul\libgcc.a(_unpack_df.o)
 .comment       0x0000000000000000       0x24 g:/course/ece/ece385/altera/nios2eds/bin/gnu/h-x86_64-mingw32/bin/../lib/gcc/nios2-elf/4.7.3/mno-hw-mul\libgcc.a(_fpcmp_parts_df.o)
 .comment       0x0000000000000000       0x24 g:/course/ece/ece385/altera/nios2eds/bin/gnu/h-x86_64-mingw32/bin/../lib/gcc/nios2-elf/4.7.3/mno-hw-mul\libgcc.a(_lshrdi3.o)
 .comment       0x0000000000000000       0x24 g:/course/ece/ece385/altera/nios2eds/bin/gnu/h-x86_64-mingw32/bin/../lib/gcc/nios2-elf/4.7.3/mno-hw-mul\libgcc.a(_ashldi3.o)
 .comment       0x0000000000000000       0x24 ../usb_kb_bsp/\libhal_bsp.a(alt_close.o)
 .comment       0x0000000000000000       0x24 ../usb_kb_bsp/\libhal_bsp.a(alt_dev.o)
 .comment       0x0000000000000000       0x24 ../usb_kb_bsp/\libhal_bsp.a(alt_errno.o)
 .comment       0x0000000000000000       0x24 ../usb_kb_bsp/\libhal_bsp.a(alt_fstat.o)
 .comment       0x0000000000000000       0x24 ../usb_kb_bsp/\libhal_bsp.a(alt_isatty.o)
 .comment       0x0000000000000000       0x24 ../usb_kb_bsp/\libhal_bsp.a(alt_load.o)
 .comment       0x0000000000000000       0x24 ../usb_kb_bsp/\libhal_bsp.a(alt_lseek.o)
 .comment       0x0000000000000000       0x24 ../usb_kb_bsp/\libhal_bsp.a(alt_main.o)
 .comment       0x0000000000000000       0x24 ../usb_kb_bsp/\libhal_bsp.a(alt_malloc_lock.o)
 .comment       0x0000000000000000       0x24 ../usb_kb_bsp/\libhal_bsp.a(alt_read.o)
 .comment       0x0000000000000000       0x24 ../usb_kb_bsp/\libhal_bsp.a(alt_release_fd.o)
 .comment       0x0000000000000000       0x24 ../usb_kb_bsp/\libhal_bsp.a(alt_sbrk.o)
 .comment       0x0000000000000000       0x24 ../usb_kb_bsp/\libhal_bsp.a(alt_usleep.o)
 .comment       0x0000000000000000       0x24 ../usb_kb_bsp/\libhal_bsp.a(alt_write.o)
 .comment       0x0000000000000000       0x24 ../usb_kb_bsp/\libhal_bsp.a(alt_sys_init.o)
 .comment       0x0000000000000000       0x24 ../usb_kb_bsp/\libhal_bsp.a(altera_avalon_jtag_uart_fd.o)
 .comment       0x0000000000000000       0x24 ../usb_kb_bsp/\libhal_bsp.a(altera_avalon_jtag_uart_init.o)
 .comment       0x0000000000000000       0x24 ../usb_kb_bsp/\libhal_bsp.a(altera_avalon_jtag_uart_ioctl.o)
 .comment       0x0000000000000000       0x24 ../usb_kb_bsp/\libhal_bsp.a(altera_avalon_jtag_uart_read.o)
 .comment       0x0000000000000000       0x24 ../usb_kb_bsp/\libhal_bsp.a(altera_avalon_jtag_uart_write.o)
 .comment       0x0000000000000000       0x24 ../usb_kb_bsp/\libhal_bsp.a(alt_alarm_start.o)
 .comment       0x0000000000000000       0x24 ../usb_kb_bsp/\libhal_bsp.a(alt_busy_sleep.o)
 .comment       0x0000000000000000       0x24 ../usb_kb_bsp/\libhal_bsp.a(alt_dcache_flush_all.o)
 .comment       0x0000000000000000       0x24 ../usb_kb_bsp/\libhal_bsp.a(alt_dev_llist_insert.o)
 .comment       0x0000000000000000       0x24 ../usb_kb_bsp/\libhal_bsp.a(alt_do_ctors.o)
 .comment       0x0000000000000000       0x24 ../usb_kb_bsp/\libhal_bsp.a(alt_do_dtors.o)
 .comment       0x0000000000000000       0x24 ../usb_kb_bsp/\libhal_bsp.a(alt_icache_flush_all.o)
 .comment       0x0000000000000000       0x24 ../usb_kb_bsp/\libhal_bsp.a(alt_iic.o)
 .comment       0x0000000000000000       0x24 ../usb_kb_bsp/\libhal_bsp.a(alt_iic_isr_register.o)
 .comment       0x0000000000000000       0x24 ../usb_kb_bsp/\libhal_bsp.a(alt_io_redirect.o)
 .comment       0x0000000000000000       0x24 ../usb_kb_bsp/\libhal_bsp.a(alt_irq_handler.o)
 .comment       0x0000000000000000       0x24 ../usb_kb_bsp/\libhal_bsp.a(alt_irq_vars.o)
 .comment       0x0000000000000000       0x24 ../usb_kb_bsp/\libhal_bsp.a(alt_open.o)
 .comment       0x0000000000000000       0x24 ../usb_kb_bsp/\libhal_bsp.a(alt_tick.o)
 .comment       0x0000000000000000       0x24 ../usb_kb_bsp/\libhal_bsp.a(altera_nios2_qsys_irq.o)
 .comment       0x0000000000000000       0x24 ../usb_kb_bsp/\libhal_bsp.a(alt_find_dev.o)
 .comment       0x0000000000000000       0x24 ../usb_kb_bsp/\libhal_bsp.a(alt_find_file.o)
 .comment       0x0000000000000000       0x24 ../usb_kb_bsp/\libhal_bsp.a(alt_get_fd.o)
 .comment       0x0000000000000000       0x24 g:/course/ece/ece385/altera/nios2eds/bin/gnu/h-x86_64-mingw32/bin/../lib/gcc/nios2-elf/4.7.3/../../../../../H-x86_64-mingw32/nios2-elf/lib/mno-hw-mul\libc.a(lib_a-atexit.o)